Archive member included to satisfy reference by file (symbol)

/home/user/.local/share/lemon/sysroot/usr/lib/liblemon.a(src_ipc.cpp.o)
                              build/doomgeneric_lemon.o (ReceiveMessage(ipc_message_t*))
/home/user/.local/share/lemon/sysroot/usr/lib/liblemon.a(src_gfx_graphics.cpp.o)
                              build/doomgeneric_lemon.o (memcpy_optimized(void*, void*, unsigned long))
/home/user/.local/share/lemon/sysroot/usr/lib/liblemon.a(src_gfx_window_window.cpp.o)
                              build/doomgeneric_lemon.o (CreateWindow(win_info_t*))
/home/user/.local/share/lemon/sysroot/usr/lib/liblemon.a(sse2.asm.o)
                              /home/user/.local/share/lemon/sysroot/usr/lib/liblemon.a(src_gfx_graphics.cpp.o) (memcpy_sse2)
/home/user/.local/share/lemon/sysroot/usr/lib/liblemon.a(src_runtime.cpp.o)
                              /home/user/.local/share/lemon/sysroot/usr/lib/liblemon.a(src_gfx_window_window.cpp.o) (operator new(unsigned long))

Allocating common symbols
Common symbol       size              file

gametic             0x4               build/d_loop.o
consoleplayer       0x4               build/g_game.o
messageRoutine      0x8               build/m_menu.o
cacheddistance      0x320             build/r_plane.o
buttonlist          0x200             build/p_switch.o
paused              0x4               build/g_game.o
devparm             0x4               build/d_main.o
spryscale           0x4               build/r_things.o
secondslideline     0x8               build/p_map.o
bodyque             0x100             build/g_game.o
messx               0x4               build/m_menu.o
lumpinfo            0x8               build/w_wad.o
epi                 0x4               build/m_menu.o
subsectors          0x8               build/p_setup.o
casttics            0x4               build/f_finale.o
messy               0x4               build/m_menu.o
pspriteiscale       0x4               build/r_things.o
viewsin             0x4               build/r_main.o
transcolfunc        0x8               build/r_main.o
ds_colormap         0x8               build/r_draw.o
numspritelumps      0x4               build/r_data.o
message_dontfuckwithme
                    0x4               build/hu_stuff.o
messageNeedsInput   0x4               build/m_menu.o
netgame             0x4               build/g_game.o
timingdemo          0x4               build/g_game.o
messageToPrint      0x4               build/m_menu.o
lastanim            0x8               build/p_spec.o
bombspot            0x8               build/p_map.o
numbraintargets     0x4               build/p_enemy.o
tmymove             0x4               build/p_map.o
inhelpscreens       0x4               build/m_menu.o
numsprites          0x4               build/r_things.o
savename            0x100             build/g_game.o
episodes_e          0x4               build/m_menu.o
spanstop            0x320             build/r_plane.o
offsetms            0x4               build/d_loop.o
rw_normalangle      0x4               build/r_segs.o
timelimit           0x4               build/g_game.o
testcontrols_mousespeed
                    0x4               build/g_game.o
dc_colormap         0x8               build/r_draw.o
messageLastMenuActive
                    0x4               build/m_menu.o
nomonsters          0x4               build/d_main.o
secretexit          0x4               build/g_game.o
finaleflat          0x8               build/f_finale.o
myargc              0x4               build/m_argv.o
opentop             0x4               build/p_maputl.o
worldbottom         0x4               build/r_segs.o
tempstring          0x50              build/m_menu.o
numlinespecials     0x2               build/p_spec.o
texturecompositesize
                    0x8               build/r_data.o
totalsecret         0x4               build/g_game.o
cachedxstep         0x320             build/r_plane.o
finaletext          0x8               build/f_finale.o
vissprites          0x2800            build/r_things.o
deathmatch          0x4               build/g_game.o
dc_source           0x8               build/r_draw.o
sightzstart         0x4               build/p_sight.o
screenheightarray   0x280             build/r_things.o
strace              0x10              build/p_sight.o
texturecomposite    0x8               build/r_data.o
numvertexes         0x4               build/p_setup.o
skytexturemid       0x4               build/r_sky.o
gameepisode         0x4               build/g_game.o
numswitches         0x4               build/p_switch.o
aimslope            0x4               build/p_map.o
configdir           0x8               build/m_config.o
respawnmonsters     0x4               build/g_game.o
deathmatchstarts    0x64              build/p_setup.o
texturememory       0x4               build/r_data.o
planezlight         0x8               build/r_plane.o
sscount             0x4               build/r_main.o
[...]
Memory Configuration

Name             Origin             Length             Attributes
*default*        0x0000000000000000 0xffffffffffffffff

Linker script and memory map

LOAD /home/user/.local/share/lemon/sysroot/usr/lib/crt0.o
LOAD /home/user/.local/share/lemon/lib/gcc/x86_64-lemon/8.2.0/crti.o
LOAD /home/user/.local/share/lemon/lib/gcc/x86_64-lemon/8.2.0/crtbegin.o
LOAD build/i_main.o
LOAD build/dummy.o
LOAD build/am_map.o
LOAD build/doomdef.o
LOAD build/doomstat.o
LOAD build/dstrings.o
LOAD build/d_event.o
LOAD build/d_items.o
LOAD build/d_iwad.o
LOAD build/d_loop.o
LOAD build/d_main.o
LOAD build/d_mode.o
LOAD build/d_net.o
LOAD build/f_finale.o
LOAD build/f_wipe.o
LOAD build/g_game.o
LOAD build/hu_lib.o
LOAD build/hu_stuff.o
LOAD build/info.o
LOAD build/i_cdmus.o
LOAD build/i_endoom.o
LOAD build/i_joystick.o
LOAD build/i_scale.o
LOAD build/i_sound.o
LOAD build/i_system.o
LOAD build/i_timer.o
LOAD build/memio.o
LOAD build/m_argv.o
LOAD build/m_bbox.o
LOAD build/m_cheat.o
LOAD build/m_config.o
LOAD build/m_controls.o
LOAD build/m_fixed.o
LOAD build/m_menu.o
LOAD build/m_misc.o
LOAD build/m_random.o
LOAD build/p_ceilng.o
LOAD build/p_doors.o
LOAD build/p_enemy.o
LOAD build/p_floor.o
LOAD build/p_inter.o
LOAD build/p_lights.o
LOAD build/p_map.o
LOAD build/p_maputl.o
LOAD build/p_mobj.o
LOAD build/p_plats.o
LOAD build/p_pspr.o
LOAD build/p_saveg.o
LOAD build/p_setup.o
LOAD build/p_sight.o
LOAD build/p_spec.o
LOAD build/p_switch.o
LOAD build/p_telept.o
LOAD build/p_tick.o
LOAD build/p_user.o
LOAD build/r_bsp.o
LOAD build/r_data.o
LOAD build/r_draw.o
LOAD build/r_main.o
LOAD build/r_plane.o
LOAD build/r_segs.o
LOAD build/r_sky.o
LOAD build/r_things.o
LOAD build/sha1.o
LOAD build/sounds.o
LOAD build/statdump.o
LOAD build/st_lib.o
LOAD build/st_stuff.o
LOAD build/s_sound.o
LOAD build/tables.o
LOAD build/v_video.o
LOAD build/wi_stuff.o
LOAD build/w_checksum.o
LOAD build/w_file.o
LOAD build/w_main.o
LOAD build/w_wad.o
LOAD build/z_zone.o
LOAD build/w_file_stdc.o
LOAD build/i_input.o
LOAD build/i_video.o
LOAD build/doomgeneric.o
LOAD build/doomgeneric_lemon.o
LOAD /home/user/.local/share/lemon/sysroot/usr/lib/libc.so
LOAD /home/user/.local/share/lemon/sysroot/usr/lib/liblemon.a
LOAD /home/user/.local/share/lemon/lib/gcc/x86_64-lemon/8.2.0/libgcc.a
LOAD /home/user/.local/share/lemon/lib/gcc/x86_64-lemon/8.2.0/libgcc_eh.a
LOAD /home/user/.local/share/lemon/sysroot/usr/lib/libc.so
LOAD /home/user/.local/share/lemon/lib/gcc/x86_64-lemon/8.2.0/libgcc.a
LOAD /home/user/.local/share/lemon/lib/gcc/x86_64-lemon/8.2.0/libgcc_eh.a
LOAD /home/user/.local/share/lemon/lib/gcc/x86_64-lemon/8.2.0/crtend.o
LOAD /home/user/.local/share/lemon/lib/gcc/x86_64-lemon/8.2.0/crtn.o
                [!provide]                        PROVIDE (__executable_start = SEGMENT_START ("text-segment", 0x400000))
                0x0000000000400158                . = (SEGMENT_START ("text-segment", 0x400000) + SIZEOF_HEADERS)

.interp         0x0000000000400158        0xf
 *(.interp)
 .interp        0x0000000000400158        0xf /home/user/.local/share/lemon/sysroot/usr/lib/crt0.o

.note.gnu.build-id
 *(.note.gnu.build-id)

.hash           0x0000000000400168      0x150
 *(.hash)
 .hash          0x0000000000400168      0x150 /home/user/.local/share/lemon/sysroot/usr/lib/crt0.o

.gnu.hash
 *(.gnu.hash)

.dynsym         0x00000000004002b8      0x438
 *(.dynsym)
 .dynsym        0x00000000004002b8      0x438 /home/user/.local/share/lemon/sysroot/usr/lib/crt0.o

.dynstr         0x00000000004006f0      0x136
 *(.dynstr)
 .dynstr        0x00000000004006f0      0x136 /home/user/.local/share/lemon/sysroot/usr/lib/crt0.o

.gnu.version    0x0000000000400826        0x0
 *(.gnu.version)
 .gnu.version   0x0000000000400826        0x0 /home/user/.local/share/lemon/sysroot/usr/lib/crt0.o

.gnu.version_d  0x0000000000400828        0x0
 *(.gnu.version_d)
 .gnu.version_d
                0x0000000000400828        0x0 /home/user/.local/share/lemon/sysroot/usr/lib/crt0.o

.gnu.version_r  0x0000000000400828        0x0
 *(.gnu.version_r)
 .gnu.version_r
                0x0000000000400828        0x0 /home/user/.local/share/lemon/sysroot/usr/lib/crt0.o

.rela.dyn       0x0000000000400828       0x30
 *(.rela.init)
 *(.rela.text .rela.text.* .rela.gnu.linkonce.t.*)
 .rela.text     0x0000000000400828        0x0 /home/user/.local/share/lemon/sysroot/usr/lib/crt0.o
 .rela.text.startup
                0x0000000000400828        0x0 /home/user/.local/share/lemon/sysroot/usr/lib/crt0.o
 *(.rela.fini)
 *(.rela.rodata .rela.rodata.* .rela.gnu.linkonce.r.*)
 .rela.rodata   0x0000000000400828        0x0 /home/user/.local/share/lemon/sysroot/usr/lib/crt0.o
 *(.rela.data .rela.data.* .rela.gnu.linkonce.d.*)
 .rela.data.rel.ro
                0x0000000000400828        0x0 /home/user/.local/share/lemon/sysroot/usr/lib/crt0.o
 *(.rela.tdata .rela.tdata.* .rela.gnu.linkonce.td.*)
 *(.rela.tbss .rela.tbss.* .rela.gnu.linkonce.tb.*)
 *(.rela.ctors)
 *(.rela.dtors)
 *(.rela.got)
 .rela.got      0x0000000000400828       0x18 /home/user/.local/share/lemon/sysroot/usr/lib/crt0.o
 *(.rela.bss .rela.bss.* .rela.gnu.linkonce.b.*)
 .rela.bss      0x0000000000400840       0x18 /home/user/.local/share/lemon/sysroot/usr/lib/crt0.o
 *(.rela.ldata .rela.ldata.* .rela.gnu.linkonce.l.*)
 *(.rela.lbss .rela.lbss.* .rela.gnu.linkonce.lb.*)
 *(.rela.lrodata .rela.lrodata.* .rela.gnu.linkonce.lr.*)
 *(.rela.ifunc)

.rela.plt       0x0000000000400858      0x3d8
 *(.rela.plt)
 .rela.plt      0x0000000000400858      0x3d8 /home/user/.local/share/lemon/sysroot/usr/lib/crt0.o
                [!provide]                        PROVIDE (__rela_iplt_start = .)
 *(.rela.iplt)
 .rela.iplt     0x0000000000400c30        0x0 /home/user/.local/share/lemon/sysroot/usr/lib/crt0.o
                [!provide]                        PROVIDE (__rela_iplt_end = .)

.init           0x0000000000400c30        0xd
 *(SORT_NONE(.init))
 .init          0x0000000000400c30        0x0 /home/user/.local/share/lemon/lib/gcc/x86_64-lemon/8.2.0/crti.o
                0x0000000000400c30                _init
 .init          0x0000000000400c30        0x5 /home/user/.local/share/lemon/lib/gcc/x86_64-lemon/8.2.0/crtbegin.o
 .init          0x0000000000400c35        0x5 /home/user/.local/share/lemon/lib/gcc/x86_64-lemon/8.2.0/crtend.o
 .init          0x0000000000400c3a        0x3 /home/user/.local/share/lemon/lib/gcc/x86_64-lemon/8.2.0/crtn.o

.plt            0x0000000000400c40      0x2a0
 *(.plt)
 .plt           0x0000000000400c40      0x2a0 /home/user/.local/share/lemon/sysroot/usr/lib/crt0.o
                0x0000000000400c50                remove
                0x0000000000400c60                realloc
                0x0000000000400c70                sscanf
                0x0000000000400c80                snprintf
                0x0000000000400c90                strcmp
                0x0000000000400ca0                malloc
                0x0000000000400cb0                fflush
                0x0000000000400cc0                strncmp
                0x0000000000400cd0                system
                0x0000000000400ce0                strcpy
                0x0000000000400cf0                strrchr
                0x0000000000400d00                fclose
                0x0000000000400d10                strdup
                0x0000000000400d20                __mlibc_entry
                0x0000000000400d30                strstr
                0x0000000000400d40                vfprintf
                0x0000000000400d50                rename
                0x0000000000400d60                strchr
                0x0000000000400d70                strncasecmp
                0x0000000000400d80                ftell
                0x0000000000400d90                printf
                0x0000000000400da0                fwrite
                0x0000000000400db0                strncpy
                0x0000000000400dc0                putchar
                0x0000000000400dd0                exit
                0x0000000000400de0                fprintf
                0x0000000000400df0                fread
                0x0000000000400e00                calloc
                0x0000000000400e10                mkdir
                0x0000000000400e20                fputs
                0x0000000000400e30                vsnprintf
                0x0000000000400e40                tolower
                0x0000000000400e50                atof
                0x0000000000400e60                free
                0x0000000000400e70                toupper
                0x0000000000400e80                atoi
                0x0000000000400e90                puts
                0x0000000000400ea0                fopen
                0x0000000000400eb0                memcpy
                0x0000000000400ec0                fseek
                0x0000000000400ed0                strcasecmp
 *(.iplt)
 .iplt          0x0000000000400ee0        0x0 /home/user/.local/share/lemon/sysroot/usr/lib/crt0.o

.plt.got        0x0000000000400ee0        0x0
 *(.plt.got)
 .plt.got       0x0000000000400ee0        0x0 /home/user/.local/share/lemon/sysroot/usr/lib/crt0.o

.plt.sec
 *(.plt.sec)

.text           0x0000000000400ee0    0x23bc1
 *(.text.unlikely .text.*_unlikely .text.unlikely.*)
 *(.text.exit .text.exit.*)
 *(.text.startup .text.startup.*)
 .text.startup  0x0000000000400ee0       0x2d build/i_main.o
                0x0000000000400ee0                main
 .text.startup  0x0000000000400f0d        0xc build/doomgeneric_lemon.o
 *(.text.hot .text.hot.*)
 *(.text .stub .text.* .gnu.linkonce.t.*)
 .text          0x0000000000400f19        0xc /home/user/.local/share/lemon/sysroot/usr/lib/crt0.o
                0x0000000000400f19                _start
 *fill*         0x0000000000400f25        0xb 
 .text          0x0000000000400f30      0x12d /home/user/.local/share/lemon/lib/gcc/x86_64-lemon/8.2.0/crtbegin.o
 .text          0x000000000040105d        0x1 build/dummy.o
                0x000000000040105d                I_InitTimidityConfig
 .text          0x000000000040105e     0x15fd build/am_map.o
                0x000000000040105e                AM_getIslope
                0x00000000004010bc                AM_activateNewScale
                0x0000000000401158                AM_saveScaleAndLoc
                0x0000000000401189                AM_restoreScaleAndLoc
                0x0000000000401238                AM_addMark
                0x0000000000401282                AM_findMinMaxBoundaries
                0x00000000004013ad                AM_changeWindowLoc
                0x0000000000401466                AM_initVariables
                0x00000000004015ab                AM_loadPics
                0x00000000004015f0                AM_unloadPics
                0x0000000000401626                AM_clearMarks
                0x0000000000401647                AM_LevelInit
                0x00000000004016bc                AM_Stop
                0x00000000004016e2                AM_Start
                0x000000000040173f                AM_minOutWindowScale
                0x0000000000401762                AM_maxOutWindowScale
                0x0000000000401785                AM_Responder
                0x0000000000401adc                AM_changeWindowScale
                0x0000000000401b2e                AM_doFollowPlayer
                0x0000000000401c01                AM_updateLightLev
                0x0000000000401c4f                AM_Ticker
                0x0000000000401c95                AM_clearFB
                0x0000000000401cb1                AM_clipMline
                0x0000000000401f87                AM_drawFline
                0x000000000040209f                AM_drawMline
                0x00000000004020bf                AM_drawGrid
                0x000000000040218e                AM_drawWalls
                0x000000000040227b                AM_rotate
                0x00000000004022ee                AM_drawLineCharacter
                0x00000000004023e3                AM_drawPlayers
                0x00000000004024b8                AM_drawThings
                0x000000000040251c                AM_drawMarks
                0x00000000004025c2                AM_drawCrosshair
                0x00000000004025e7                AM_Drawer
 .text          0x000000000040265b       0x64 build/d_event.o
                0x000000000040265b                D_PostEvent
                0x000000000040268d                D_PopEvent
 .text          0x00000000004026bf      0x3cf build/d_iwad.o
                0x000000000040272d                D_FindWADByName
                0x00000000004027d2                D_TryFindWADByName
                0x00000000004027e4                D_FindIWAD
                0x0000000000402999                D_FindAllIWADs
                0x0000000000402a04                D_SaveGameIWADName
                0x0000000000402a29                D_SuggestIWADName
                0x0000000000402a59                D_SuggestGameName
 .text          0x0000000000402a8e      0x571 build/d_loop.o
                0x0000000000402a8e                D_QuitNetGame
                0x0000000000402bca                NetUpdate
                0x0000000000402c2a                D_ReceiveTic
                0x0000000000402cbe                D_StartGameLoop
                0x0000000000402cd3                D_StartNetGame
                0x0000000000402d0d                D_InitNetGame
                0x0000000000402d2d                TryRunTics
                0x0000000000402ff7                D_RegisterLoopCallbacks
 .text          0x0000000000402fff     0x139e build/d_main.o
                0x0000000000402fff                D_GrabMouseCallback
                0x0000000000403079                D_ProcessEvents
                0x00000000004030a9                D_BindVariables
                0x00000000004031d7                D_PageTicker
                0x00000000004031ea                D_PageDrawer
                0x0000000000403209                D_Display
                0x000000000040355b                D_DoomLoop
                0x0000000000403620                D_AdvanceDemo
                0x000000000040362b                D_DoAdvanceDemo
                0x00000000004037ae                D_StartTitle
                0x00000000004037cd                D_IdentifyVersion
                0x0000000000403961                D_SetGameDescription
                0x0000000000403a36                PrintDehackedBanners
                0x0000000000403a37                PrintGameVersion
                0x0000000000403a60                D_DoomMain
 .text          0x000000000040439d      0x12a build/d_mode.o
                0x000000000040439d                D_ValidGameMode
                0x00000000004043c4                D_ValidEpisodeMap
                0x0000000000404438                D_GetNumEpisodes
                0x0000000000404465                D_ValidGameVersion
                0x0000000000404498                D_IsEpisodeMap
                0x00000000004044b2                D_GameMissionString
 .text          0x00000000004044c7      0x39d build/d_net.o
                0x0000000000404582                D_ConnectNetGame
                0x0000000000404657                D_CheckNetGame
 .text          0x0000000000404864      0xae6 build/f_finale.o
                0x0000000000404864                F_StartFinale
                0x0000000000404964                F_TextWrite
                0x0000000000404a6f                F_StartCast
                0x0000000000404aef                F_CastTicker
                0x0000000000404e8b                F_Ticker
                0x0000000000404f5f                F_CastResponder
                0x0000000000404fe4                F_Responder
                0x0000000000404ff5                F_CastPrint
                0x0000000000405092                F_CastDrawer
                0x000000000040511d                F_DrawPatchCol
                0x0000000000405173                F_BunnyScroll
                0x00000000004052d2                F_Drawer
 .text          0x000000000040534a      0x44a build/f_wipe.o
                0x000000000040534a                wipe_doColorXForm
                0x00000000004053a8                wipe_exitColorXForm
                0x00000000004053ab                wipe_doMelt
                0x00000000004054df                wipe_initColorXForm
                0x00000000004054f8                wipe_exitMelt
                0x0000000000405521                wipe_shittyColMajorXform
                0x00000000004055a2                wipe_initMelt
                0x000000000040567c                wipe_StartScreen
                0x00000000004056a1                wipe_EndScreen
                0x00000000004056f6                wipe_ScreenWipe
 .text          0x0000000000405794     0x2251 build/g_game.o
                0x0000000000405794                G_CmdChecksum
                0x000000000040579d                G_BuildTiccmd
                0x0000000000405dee                G_DoLoadLevel
                0x0000000000405f84                G_Responder
                0x000000000040626f                G_PlayerFinishLevel
                0x00000000004062c5                G_PlayerReborn
                0x0000000000406387                G_InitPlayer
                0x000000000040638c                G_CheckSpot
                0x0000000000406565                G_DeathMatchSpawnPlayer
                0x00000000004065f6                G_DoReborn
                0x00000000004066be                G_ScreenShot
                0x00000000004066c9                G_ExitLevel
                0x00000000004066de                G_SecretExitLevel
                0x000000000040671f                G_DoCompleted
                0x000000000040699c                G_WorldDone
                0x00000000004069fc                G_DoWorldDone
                0x0000000000406a30                G_LoadGame
                0x0000000000406a4f                G_SaveGame
                0x0000000000406a71                G_DoSaveGame
                0x0000000000406ba8                G_DeferedInitNew
                0x0000000000406bc5                G_InitNew
                0x0000000000406dbf                G_DoLoadGame
                0x0000000000406e75                G_DoNewGame
                0x0000000000406efe                G_RecordDemo
                0x0000000000406fa8                G_VanillaVersionCode
                0x0000000000406fe7                G_BeginRecording
                0x000000000040713c                G_DeferedPlayDemo
                0x000000000040714e                G_DoPlayDemo
                0x0000000000407349                G_TimeDemo
                0x0000000000407384                G_CheckDemoStatus
                0x00000000004074dc                G_ReadDemoTiccmd
                0x0000000000407566                G_WriteDemoTiccmd
                0x00000000004076aa                G_Ticker
 .text          0x00000000004079e5      0x4a9 build/hu_lib.o
                0x00000000004079e5                HUlib_init
                0x00000000004079e6                HUlib_clearTextLine
                0x00000000004079f8                HUlib_initTextLine
                0x0000000000407a17                HUlib_addCharToTextLine
                0x0000000000407a41                HUlib_delCharFromTextLine
                0x0000000000407a64                HUlib_drawTextLine
                0x0000000000407b14                HUlib_eraseTextLine
                0x0000000000407bbf                HUlib_initSText
                0x0000000000407c2b                HUlib_addLineToSText
                0x0000000000407c85                HUlib_addMessageToSText
                0x0000000000407cdb                HUlib_drawSText
                0x0000000000407d1f                HUlib_eraseSText
                0x0000000000407d74                HUlib_initIText
                0x0000000000407da8                HUlib_delCharFromIText
                0x0000000000407db6                HUlib_eraseLineFromIText
                0x0000000000407dcc                HUlib_resetIText
                0x0000000000407de5                HUlib_addPrefixToIText
                0x0000000000407e08                HUlib_keyInIText
                0x0000000000407e47                HUlib_drawIText
                0x0000000000407e5b                HUlib_eraseIText
 .text          0x0000000000407e8e      0x6e2 build/hu_stuff.o
                0x0000000000407e8e                HU_Init
                0x0000000000407ed4                HU_Stop
                0x0000000000407edf                HU_Start
                0x000000000040808e                HU_Drawer
                0x00000000004080bb                HU_Erase
                0x00000000004080db                HU_Ticker
                0x0000000000408295                HU_queueChatChar
                0x00000000004082cb                HU_dequeueChatChar
                0x00000000004082f0                HU_Responder
 .text          0x0000000000408570        0x1 build/i_endoom.o
                0x0000000000408570                I_Endoom
 .text          0x0000000000408571       0xbb build/i_joystick.o
                0x0000000000408571                I_ShutdownJoystick
                0x0000000000408572                I_InitJoystick
                0x0000000000408573                I_UpdateJoystick
                0x0000000000408574                I_BindJoystickVariables
 .text          0x000000000040862c      0x239 build/i_sound.o
                0x000000000040862c                I_InitSound
                0x00000000004086a5                I_ShutdownSound
                0x00000000004086dd                I_GetSfxLumpNum
                0x00000000004086ef                I_UpdateSound
                0x0000000000408731                I_UpdateSoundParams
                0x0000000000408766                I_StartSound
                0x00000000004087a4                I_StopSound
                0x00000000004087b4                I_SoundIsPlaying
                0x00000000004087c6                I_PrecacheSounds
                0x00000000004087de                I_InitMusic
                0x00000000004087df                I_ShutdownMusic
                0x00000000004087e0                I_SetMusicVolume
                0x00000000004087f0                I_PauseSong
                0x0000000000408800                I_ResumeSong
                0x0000000000408810                I_RegisterSong
                0x0000000000408822                I_UnRegisterSong
                0x0000000000408832                I_PlaySong
                0x0000000000408842                I_StopSong
                0x0000000000408852                I_MusicIsPlaying
                0x0000000000408864                I_BindSoundVariables
 .text          0x0000000000408865      0x518 build/i_system.o
                0x0000000000408865                I_AtExit
                0x0000000000408893                I_Tactile
                0x0000000000408894                I_PrintBanner
                0x00000000004088d9                I_PrintDivider
                0x00000000004088f8                I_PrintStartupBanner
                0x0000000000408925                I_ConsoleStdout
                0x0000000000408928                I_Quit
                0x000000000040893f                I_Error
                0x0000000000408b77                I_ZoneBase
                0x0000000000408bec                I_GetMemoryValue
 .text          0x0000000000408d7d       0x58 build/i_timer.o
                0x0000000000408d7d                I_GetTicks
                0x0000000000408d84                I_GetTime
                0x0000000000408daf                I_GetTimeMS
                0x0000000000408dce                I_Sleep
                0x0000000000408dd3                I_WaitVBL
                0x0000000000408dd4                I_InitTimer
 .text          0x0000000000408dd5       0x86 build/m_argv.o
                0x0000000000408dd5                M_CheckParmWithArgs
                0x0000000000408e20                M_CheckParm
                0x0000000000408e24                M_ParmExists
                0x0000000000408e34                M_FindResponseFile
                0x0000000000408e35                M_GetExecutableName
 .text          0x0000000000408e5b       0x3d build/m_bbox.o
                0x0000000000408e5b                M_ClearBox
                0x0000000000408e76                M_AddToBox
 .text          0x0000000000408e98       0xa0 build/m_cheat.o
                0x0000000000408e98                cht_CheckCheat
                0x0000000000408f27                cht_GetParam
 .text          0x0000000000408f38      0x338 build/m_config.o
                0x0000000000408ffd                M_SetConfigFilenames
                0x000000000040900c                M_SaveDefaults
                0x000000000040900d                M_SaveDefaultsAlternate
                0x000000000040900e                M_LoadDefaults
                0x00000000004090cb                M_BindVariable
                0x00000000004090e1                M_SetVariable
                0x0000000000409176                M_GetIntVariable
                0x0000000000409199                M_GetStrVariable
                0x00000000004091be                M_GetFloatVariable
                0x00000000004091e2                M_SetConfigDir
                0x000000000040922c                M_GetSaveGameDir
 .text          0x0000000000409270      0x74a build/m_controls.o
                0x0000000000409270                M_BindBaseControls
                0x0000000000409407                M_BindHereticControls
                0x0000000000409490                M_BindHexenControls
                0x0000000000409537                M_BindStrifeControls
                0x0000000000409665                M_BindWeaponControls
                0x0000000000409739                M_BindMapControls
                0x00000000004097ef                M_BindMenuControls
                0x0000000000409968                M_BindChatControls
                0x00000000004099b9                M_ApplyPlatformDefaults
 .text          0x00000000004099ba       0x4c build/m_fixed.o
                0x00000000004099ba                FixedMul
                0x00000000004099cc                FixedDiv
 .text          0x0000000000409a06     0x19b8 build/m_menu.o
                0x0000000000409a06                M_ChangeMessages
                0x0000000000409a51                M_DrawReadThis2
                0x0000000000409a78                M_DrawMainMenu
                0x0000000000409a9b                M_DrawNewGame
                0x0000000000409adf                M_DrawEpisode
                0x0000000000409b02                M_LoadSelect
                0x0000000000409b38                M_SaveSelect
                0x0000000000409ba1                M_DrawReadThis1
                0x0000000000409c69                M_SfxVol
                0x0000000000409ca0                M_MusicVol
                0x0000000000409cd7                M_ChangeDetail
                0x0000000000409d2c                M_SizeDisplay
                0x0000000000409d7e                M_ChangeSensitivity
                0x0000000000409da9                M_QuitResponse
                0x0000000000409dfc                M_QuickLoadResponse
                0x0000000000409e1e                M_VerifyNightmare
                0x0000000000409e4c                M_EndGameResponse
                0x0000000000409e76                M_ReadSaveStrings
                0x0000000000409f22                M_DrawSaveLoadBorder
                0x0000000000409f92                M_DoSave
                0x0000000000409fc6                M_QuickSaveResponse
                0x0000000000409fe8                M_DrawThermo
                0x000000000040a0a0                M_DrawSound
                0x000000000040a106                M_DrawOptions
                0x000000000040a1d9                M_DrawEmptyCell
                0x000000000040a20d                M_DrawSelCell
                0x000000000040a241                M_StartMessage
                0x000000000040a276                M_QuickLoad
                0x000000000040a2d7                M_EndGame
                0x000000000040a314                M_QuitDOOM
                0x000000000040a36d                M_ChooseSkill
                0x000000000040a3a6                M_StopMessage
                0x000000000040a3bd                M_StringWidth
                0x000000000040a40e                M_StringHeight
                0x000000000040a448                M_WriteText
                0x000000000040a4b6                M_DrawLoad
                0x000000000040a51e                M_DrawSave
                0x000000000040a5cb                M_StartControlPanel
                0x000000000040a5f7                M_Drawer
                0x000000000040a7ef                M_ClearMenus
                0x000000000040a7fa                M_SetupNextMenu
                0x000000000040a80c                M_LoadGame
                0x000000000040a834                M_SaveGame
                0x000000000040a866                M_QuickSave
                0x000000000040a8e7                M_Responder
                0x000000000040b200                M_Sound
                0x000000000040b20a                M_NewGame
                0x000000000040b24b                M_Episode
                0x000000000040b29c                M_Options
                0x000000000040b2a6                M_ReadThis
                0x000000000040b2b0                M_FinishReadThis
                0x000000000040b2ba                M_ReadThis2
                0x000000000040b2db                M_Ticker
                0x000000000040b302                M_Init
 .text          0x000000000040b3be      0x6e2 build/m_misc.o
                0x000000000040b3be                M_MakeDirectory
                0x000000000040b3c8                M_FileExists
                0x000000000040b406                M_FileLength
                0x000000000040b444                M_WriteFile
                0x000000000040b48c                M_ReadFile
                0x000000000040b51d                M_StrToInt
                0x000000000040b58a                M_ExtractFileBase
                0x000000000040b5ff                M_ForceUppercase
                0x000000000040b61a                M_StrCaseStr
                0x000000000040b68e                M_StringDuplicate
                0x000000000040b6c7                M_StringCopy
                0x000000000040b705                M_StringReplace
                0x000000000040b806                M_StringConcat
                0x000000000040b82a                M_StringStartsWith
                0x000000000040b86b                M_StringEndsWith
                0x000000000040b8ad                M_StringJoin
                0x000000000040b9d1                M_TempFile
                0x000000000040b9e7                M_vsnprintf
                0x000000000040ba16                M_snprintf
 .text          0x000000000040baa0       0x47 build/m_random.o
                0x000000000040baa0                P_Random
                0x000000000040bab9                M_Random
                0x000000000040bad2                M_ClearRandom
 .text          0x000000000040bae7      0x342 build/p_ceilng.o
                0x000000000040bae7                P_AddActiveCeiling
                0x000000000040bb09                P_RemoveActiveCeiling
                0x000000000040bb43                T_MoveCeiling
                0x000000000040bc8b                P_ActivateInStasisCeiling
                0x000000000040bcc1                EV_DoCeiling
                0x000000000040bde7                EV_CeilingCrushStop
 .text          0x000000000040be29      0x6c2 build/p_doors.o
                0x000000000040be29                T_VerticalDoor
                0x000000000040bfda                EV_DoDoor
                0x000000000040c14f                EV_DoLockedDoor
                0x000000000040c209                EV_VerticalDoor
                0x000000000040c42b                P_SpawnDoorCloseIn30
                0x000000000040c47d                P_SpawnDoorRaiseIn5Mins
 .text          0x000000000040c4eb     0x1ea0 build/p_enemy.o
                0x000000000040c4eb                PIT_VileCheck
                0x000000000040c583                P_RecursiveSound
                0x000000000040c633                P_NoiseAlert
                0x000000000040c64e                P_CheckMeleeRange
                0x000000000040c6a4                P_CheckMissileRange
                0x000000000040c7ab                P_Move
                0x000000000040c8c3                P_TryWalk
                0x000000000040c8e5                P_NewChaseDir
                0x000000000040cb29                P_LookForPlayers
                0x000000000040cc41                A_KeenDie
                0x000000000040cca3                A_Look
                0x000000000040cd66                A_Chase
                0x000000000040cf5d                A_FaceTarget
                0x000000000040cfb3                A_PosAttack
                0x000000000040d032                A_SPosAttack
                0x000000000040d0ca                A_CPosAttack
                0x000000000040d149                A_CPosRefire
                0x000000000040d192                A_SpidRefire
                0x000000000040d1db                A_BspiAttack
                0x000000000040d204                A_TroopAttack
                0x000000000040d26b                A_SargAttack
                0x000000000040d2b4                A_HeadAttack
                0x000000000040d30e                A_CyberAttack
                0x000000000040d337                A_BruisAttack
                0x000000000040d396                A_SkelMissile
                0x000000000040d3e8                A_Tracer
                0x000000000040d548                A_SkelWhoosh
                0x000000000040d56a                A_SkelFist
                0x000000000040d5d2                A_VileChase
                0x000000000040d737                A_VileStart
                0x000000000040d741                A_Fire
                0x000000000040d7db                A_StartFire
                0x000000000040d7f2                A_FireCrackle
                0x000000000040d809                A_VileTarget
                0x000000000040d85b                A_VileAttack
                0x000000000040d948                A_FatRaise
                0x000000000040d95f                A_FatAttack1
                0x000000000040d9f0                A_FatAttack2
                0x000000000040da81                A_FatAttack3
                0x000000000040db60                A_SkullAttack
                0x000000000040dc0e                A_PainShootSkull
                0x000000000040dd0b                A_PainAttack
                0x000000000040dd2b                A_PainDie
                0x000000000040dd67                A_Scream
                0x000000000040ddc7                A_XScream
                0x000000000040ddd1                A_Pain
                0x000000000040dde5                A_Fall
                0x000000000040dded                A_Explode
                0x000000000040ddfe                A_BossDeath
                0x000000000040dfa3                A_Hoof
                0x000000000040dfba                A_Metal
                0x000000000040dfd1                A_BabyMetal
                0x000000000040dfe8                A_OpenShotgun2
                0x000000000040dff5                A_LoadShotgun2
                0x000000000040e002                A_CloseShotgun2
                0x000000000040e026                A_BrainAwake
                0x000000000040e08b                A_BrainPain
                0x000000000040e097                A_BrainScream
                0x000000000040e13d                A_BrainExplode
                0x000000000040e1bd                A_BrainDie
                0x000000000040e1c2                A_BrainSpit
                0x000000000040e249                A_SpawnFly
                0x000000000040e351                A_SpawnSound
                0x000000000040e368                A_PlayerScream
 .text          0x000000000040e38b      0x691 build/p_floor.o
                0x000000000040e38b                T_MovePlane
                0x000000000040e494                T_MoveFloor
                0x000000000040e528                EV_DoFloor
                0x000000000040e87f                EV_BuildStairs
 .text          0x000000000040ea1c      0xe14 build/p_inter.o
                0x000000000040ea1c                P_GiveAmmo
                0x000000000040eb4d                P_GiveWeapon
                0x000000000040ec51                P_GiveBody
                0x000000000040ec7a                P_GiveArmor
                0x000000000040ec90                P_GiveCard
                0x000000000040ecae                P_GivePower
                0x000000000040ed26                P_TouchSpecialThing
                0x000000000040f378                P_KillMobj
                0x000000000040f52d                P_DamageMobj
 .text          0x000000000040f830      0x3a4 build/p_lights.o
                0x000000000040f830                T_StrobeFlash
                0x000000000040f85b                T_Glow
                0x000000000040f8a8                T_FireFlicker
                0x000000000040f8e2                T_LightFlash
                0x000000000040f91f                P_SpawnFireFlicker
                0x000000000040f973                P_SpawnLightFlash
                0x000000000040f9d7                P_SpawnStrobeFlash
                0x000000000040fa61                EV_StartLightStrobing
                0x000000000040faa1                EV_TurnTagLightsOff
                0x000000000040fb0f                EV_LightTurnOn
                0x000000000040fb7f                P_SpawnGlowingLight
 .text          0x000000000040fbd4     0x1461 build/p_map.o
                0x000000000040fbd4                PIT_CheckThing
                0x000000000040fd98                PTR_SlideTraverse
                0x000000000040fe48                PTR_AimTraverse
                0x000000000040ffad                PTR_ShootTraverse
                0x0000000000410268                PIT_StompThing
                0x00000000004102e4                PIT_CheckLine
                0x000000000041049b                PTR_UseTraverse
                0x0000000000410500                PIT_RadiusAttack
                0x0000000000410593                P_TeleportMove
                0x0000000000410703                P_CheckPosition
                0x0000000000410897                P_TryMove
                0x00000000004109fc                P_ThingHeightClip
                0x0000000000410a54                PIT_ChangeSector
                0x0000000000410b2c                P_HitSlideLine
                0x0000000000410c0b                P_SlideMove
                0x0000000000410df9                P_AimLineAttack
                0x0000000000410e9f                P_LineAttack
                0x0000000000410f19                P_UseLines
                0x0000000000410f60                P_RadiusAttack
                0x0000000000410fe9                P_ChangeSector
 .text          0x0000000000411035      0xa60 build/p_maputl.o
                0x00000000004110da                P_AproxDistance
                0x00000000004110fd                P_PointOnLineSide
                0x000000000041116a                P_BoxOnLineSide
                0x0000000000411238                P_PointOnDivlineSide
                0x00000000004112c2                P_MakeDivline
                0x00000000004112dc                P_InterceptVector
                0x000000000041134f                PIT_AddLineIntercepts
                0x0000000000411459                PIT_AddThingIntercepts
                0x000000000041153a                P_LineOpening
                0x0000000000411593                P_UnsetThingPosition
                0x0000000000411634                P_SetThingPosition
                0x00000000004116ec                P_BlockLinesIterator
                0x0000000000411769                P_BlockThingsIterator
                0x00000000004117c0                P_TraverseIntercepts
                0x0000000000411833                P_PathTraverse
 .text          0x0000000000411a95     0x1042 build/p_mobj.o
                0x0000000000411a95                P_SpawnMobj
                0x0000000000411bc0                P_RemoveMobj
                0x0000000000411c4e                P_SetMobjState
                0x0000000000411cc8                P_ExplodeMissile
                0x0000000000411d35                P_ZMovement
                0x0000000000411ebb                P_XYMovement
                0x00000000004120f0                P_NightmareRespawn
                0x0000000000412201                P_MobjThinker
                0x00000000004122b9                P_RespawnSpecials
                0x00000000004123eb                P_SpawnPlayer
                0x0000000000412537                P_SpawnMapThing
                0x0000000000412714                P_SpawnPuff
                0x000000000041279c                P_SpawnBlood
                0x0000000000412834                P_CheckMissileSpawn
                0x000000000041288f                P_SubstNullMobj
                0x00000000004128bc                P_SpawnMissile
                0x00000000004129c2                P_SpawnPlayerMissile
 .text          0x0000000000412ad7      0x3f4 build/p_plats.o
                0x0000000000412ad7                P_ActivateInStasis
                0x0000000000412b09                EV_StopPlat
                0x0000000000412b45                P_AddActivePlat
                0x0000000000412b72                EV_DoPlat
                0x0000000000412d58                P_RemoveActivePlat
                0x0000000000412d9d                T_PlatRaise
 .text          0x0000000000412ecb      0xba9 build/p_pspr.o
                0x0000000000412ed6                P_SetPsprite
                0x0000000000412f87                P_CalcSwing
                0x0000000000412fd4                P_BringUpWeapon
                0x000000000041302f                P_CheckAmmo
                0x000000000041318e                P_FireWeapon
                0x00000000004131cd                P_DropWeapon
                0x00000000004131e1                A_WeaponReady
                0x00000000004132e1                A_ReFire
                0x0000000000413310                A_CheckReload
                0x0000000000413315                A_Lower
                0x0000000000413353                A_Raise
                0x0000000000413381                A_GunFlash
                0x00000000004133ad                A_Punch
                0x000000000041345c                A_Saw
                0x0000000000413557                A_FireMissile
                0x000000000041357d                A_FireBFG
                0x00000000004135a3                A_FirePlasma
                0x00000000004135f5                P_BulletSlope
                0x000000000041365a                P_GunShot
                0x00000000004136bf                A_FirePistol
                0x000000000041372c                A_FireShotgun
                0x000000000041379c                A_FireShotgun2
                0x0000000000413878                A_FireCGun
                0x000000000041392d                A_Light0
                0x0000000000413938                A_Light1
                0x0000000000413943                A_Light2
                0x000000000041394e                A_BFGSpray
                0x00000000004139e8                A_BFGsound
                0x00000000004139f5                P_SetupPsprites
                0x0000000000413a19                P_MovePsprites
 .text          0x0000000000413a74     0x16ba build/p_saveg.o
                0x0000000000413c97                P_TempSaveGameFile
                0x0000000000413ccf                P_SaveGameFile
                0x0000000000413d53                P_WriteSaveGameHeader
                0x0000000000413e2c                P_ReadSaveGameHeader
                0x0000000000413f0e                P_ReadSaveGameEOF
                0x0000000000413f1e                P_WriteSaveGameEOF
                0x0000000000413f28                P_ArchivePlayers
                0x00000000004141d1                P_UnArchivePlayers
                0x000000000041448e                P_ArchiveWorld
                0x000000000041457f                P_UnArchiveWorld
                0x0000000000414688                P_ArchiveThinkers
                0x000000000041487a                P_UnArchiveThinkers
                0x0000000000414b0c                P_ArchiveSpecials
                0x0000000000414d70                P_UnArchiveSpecials
 .text          0x000000000041512e      0xd0b build/p_setup.o
                0x000000000041512e                P_LoadVertexes
                0x000000000041519e                GetSectorAtNullAddress
                0x00000000004151f5                P_LoadSegs
                0x0000000000415338                P_LoadSubsectors
                0x00000000004153c4                P_LoadSectors
                0x000000000041549f                P_LoadNodes
                0x000000000041556a                P_LoadThings
                0x0000000000415613                P_LoadLineDefs
                0x00000000004157a6                P_LoadSideDefs
                0x0000000000415888                P_LoadBlockMap
                0x000000000041591d                P_GroupLines
                0x0000000000415b5c                P_SetupLevel
                0x0000000000415e23                P_Init
 .text          0x0000000000415e39      0x423 build/p_sight.o
                0x0000000000415e39                P_DivlineSide
                0x0000000000415ea1                P_InterceptVector2
                0x0000000000415f14                P_CrossSubsector
                0x00000000004160ec                P_CrossBSPNode
                0x000000000041618e                P_CheckSight
 .text          0x000000000041625c      0xd0e build/p_spec.o
                0x000000000041625c                P_InitPicAnims
                0x0000000000416342                getSide
                0x0000000000416370                getSector
                0x00000000004163a2                twoSided
                0x00000000004163c3                getNextSector
                0x00000000004163d9                P_FindLowestFloorSurrounding
                0x000000000041640d                P_FindHighestFloorSurrounding
                0x0000000000416444                P_FindNextHighestFloor
                0x00000000004164dd                P_FindLowestCeilingSurrounding
                0x0000000000416515                P_FindHighestCeilingSurrounding
                0x000000000041654a                P_FindSectorFromLineTag
                0x000000000041657e                P_FindMinSurroundingLight
                0x00000000004165b4                P_CrossSpecialLine
                0x00000000004168fa                P_ShootSpecialLine
                0x0000000000416965                P_PlayerInSpecialSector
                0x0000000000416a3f                P_UpdateSpecials
                0x0000000000416b9e                EV_DoDonut
                0x0000000000416dc2                P_SpawnSpecials
 .text          0x0000000000416f6a      0x51b build/p_switch.o
                0x0000000000416f6a                P_InitSwitchList
                0x0000000000416ffd                P_StartButton
                0x000000000041707b                P_ChangeSwitchTexture
                0x00000000004171d5                P_UseSpecialLine
 .text          0x0000000000417485      0x192 build/p_telept.o
                0x0000000000417485                EV_Teleport
 .text          0x0000000000417617       0xfc build/p_tick.o
                0x0000000000417617                P_InitThinkers
                0x000000000041762e                P_AddThinker
                0x000000000041764c                P_RemoveThinker
                0x0000000000417655                P_AllocateThinker
                0x0000000000417656                P_RunThinkers
                0x000000000041769b                P_Ticker
 .text          0x0000000000417713      0x47e build/p_user.o
                0x0000000000417713                P_Thrust
                0x0000000000417755                P_CalcHeight
                0x0000000000417854                P_MovePlayer
                0x00000000004178da                P_DeathThink
                0x00000000004179a2                P_PlayerThink
 .text          0x0000000000417b91      0x50f build/r_bsp.o
                0x0000000000417b91                R_ClearDrawSegs
                0x0000000000417b9d                R_ClipSolidWallSegment
                0x0000000000417c84                R_ClipPassWallSegment
                0x0000000000417cdd                R_ClearClipSegs
                0x0000000000417d0a                R_AddLine
                0x0000000000417e1c                R_CheckBBox
                0x0000000000417f3e                R_Subsector
                0x0000000000418016                R_RenderBSPNode
 .text          0x00000000004180a0      0xd55 build/r_data.o
                0x00000000004180a0                R_DrawColumnInCache
                0x00000000004180ee                R_GenerateComposite
                0x0000000000418202                R_GenerateLookup
                0x000000000041838a                R_GetColumn
                0x00000000004183f8                R_InitTextures
                0x0000000000418915                R_InitFlats
                0x0000000000418977                R_InitSpriteLumps
                0x0000000000418a6b                R_InitColormaps
                0x0000000000418a8b                R_InitData
                0x0000000000418abc                R_FlatNumForName
                0x0000000000418afe                R_CheckTextureNumForName
                0x0000000000418b52                R_TextureNumForName
                0x0000000000418b78                R_PrecacheLevel
 .text          0x0000000000418df5      0xb3d build/r_draw.o
                0x0000000000418df5                R_DrawColumn
                0x0000000000418ea5                R_DrawColumnLow
                0x0000000000418f76                R_DrawFuzzColumn
                0x000000000041904f                R_DrawFuzzColumnLow
                0x0000000000419168                R_DrawTranslatedColumn
                0x0000000000419223                R_DrawTranslatedColumnLow
                0x000000000041931d                R_InitTranslationTables
                0x00000000004193aa                R_DrawSpan
                0x0000000000419483                R_DrawSpanLow
                0x0000000000419589                R_InitBuffer
                0x00000000004195ef                R_FillBackScreen
                0x0000000000419860                R_VideoErase
                0x0000000000419885                R_DrawViewBorder
 .text          0x0000000000419932      0x94a build/r_main.o
                0x0000000000419932                R_AddPointToBox
                0x0000000000419951                R_PointOnSide
                0x00000000004199d3                R_PointOnSegSide
                0x0000000000419a57                R_PointToAngle
                0x0000000000419b62                R_PointToAngle2
                0x0000000000419b77                R_PointToDist
                0x0000000000419bdc                R_InitPointToAngle
                0x0000000000419bdd                R_ScaleFromGlobalAngle
                0x0000000000419c65                R_InitTables
                0x0000000000419c66                R_InitTextureMapping
                0x0000000000419d75                R_InitLightTables
                0x0000000000419dfc                R_SetViewSize
                0x0000000000419e13                R_ExecuteSetViewSize
                0x000000000041a095                R_Init
                0x000000000041a119                R_PointInSubsector
                0x000000000041a176                R_SetupFrame
                0x000000000041a235                R_RenderPlayerView
 .text          0x000000000041a27c      0x607 build/r_plane.o
                0x000000000041a27c                R_InitPlanes
                0x000000000041a27d                R_MapPlane
                0x000000000041a40c                R_ClearPlanes
                0x000000000041a4a3                R_FindPlane
                0x000000000041a53d                R_CheckPlane
                0x000000000041a5bc                R_MakeSpans
                0x000000000041a66f                R_DrawPlanes
 .text          0x000000000041a883      0xda8 build/r_segs.o
                0x000000000041a883                R_RenderMaskedSegRange
                0x000000000041aa9e                R_RenderSegLoop
                0x000000000041adb0                R_StoreWallRange
 .text          0x000000000041b62b        0xb build/r_sky.o
                0x000000000041b62b                R_InitSkyMap
 .text          0x000000000041b636      0xebb build/r_things.o
                0x000000000041b636                R_InstallSpriteLump
                0x000000000041b778                R_InitSpriteDefs
                0x000000000041b9d2                R_InitSprites
                0x000000000041b9ee                R_ClearSprites
                0x000000000041b9fa                R_NewVisSprite
                0x000000000041ba1b                R_DrawMaskedColumn
                0x000000000041bae2                R_DrawVisSprite
                0x000000000041bc03                R_ProjectSprite
                0x000000000041bea5                R_AddSprites
                0x000000000041bf0f                R_DrawPSprite
                0x000000000041c0f3                R_DrawPlayerSprites
                0x000000000041c18b                R_SortVisSprites
                0x000000000041c275                R_DrawSprite
                0x000000000041c480                R_DrawMasked
 .text          0x000000000041c4f1     0x136c build/sha1.o
                0x000000000041d61c                SHA1_Init
                0x000000000041d648                SHA1_Update
                0x000000000041d72a                SHA1_Final
                0x000000000041d823                SHA1_UpdateInt32
                0x000000000041d841                SHA1_UpdateString
 .text          0x000000000041d85d       0x45 build/statdump.o
                0x000000000041d85d                StatCopy
                0x000000000041d8a1                StatDump
 .text          0x000000000041d8a2      0x38e build/st_lib.o
                0x000000000041d8a2                STlib_init
                0x000000000041d8bb                STlib_initNum
                0x000000000041d8db                STlib_drawNum
                0x000000000041da1c                STlib_updateNum
                0x000000000041da2b                STlib_initPercent
                0x000000000041da4e                STlib_updatePercent
                0x000000000041da7b                STlib_initMultIcon
                0x000000000041da94                STlib_updateMultIcon
                0x000000000041db60                STlib_initBinIcon
                0x000000000041db79                STlib_updateBinIcon
 .text          0x000000000041dc30     0x12b2 build/st_stuff.o
                0x000000000041deb5                ST_refreshBackground
                0x000000000041df26                ST_Responder
                0x000000000041e3d3                ST_calcPainOffset
                0x000000000041e414                ST_updateFaceWidget
                0x000000000041e6f8                ST_updateWidgets
                0x000000000041e7de                ST_Ticker
                0x000000000041e807                ST_doPaletteStuff
                0x000000000041e8cb                ST_drawWidgets
                0x000000000041e9b9                ST_doRefresh
                0x000000000041e9d4                ST_diffDraw
                0x000000000041e9db                ST_Drawer
                0x000000000041ea1c                ST_loadGraphics
                0x000000000041ea26                ST_loadData
                0x000000000041ea3a                ST_unloadGraphics
                0x000000000041ea44                ST_unloadData
                0x000000000041ea46                ST_initData
                0x000000000041ead7                ST_createWidgets
                0x000000000041ee6e                ST_Stop
                0x000000000041ee9d                ST_Start
                0x000000000041eec2                ST_Init
 .text          0x000000000041eee2      0x6ea build/s_sound.o
                0x000000000041eee2                S_Shutdown
                0x000000000041f03a                S_StopSound
                0x000000000041f069                S_StartSound
                0x000000000041f235                S_PauseSound
                0x000000000041f25b                S_ResumeSound
                0x000000000041f281                S_UpdateSounds
                0x000000000041f34a                S_SetMusicVolume
                0x000000000041f368                S_SetSfxVolume
                0x000000000041f386                S_Init
                0x000000000041f41f                S_MusicPlaying
                0x000000000041f424                S_StopMusic
                0x000000000041f47e                S_ChangeMusic
                0x000000000041f541                S_Start
                0x000000000041f5c5                S_StartMusic
 .text          0x000000000041f5cc       0x29 build/tables.o
                0x000000000041f5cc                SlopeDiv
 .text          0x000000000041f5f5      0xb73 build/v_video.o
                0x000000000041f5f5                V_MarkRect
                0x000000000041f640                V_CopyRect
                0x000000000041f718                V_SetPatchClipCallback
                0x000000000041f720                V_DrawPatch
                0x000000000041f822                V_DrawPatchFlipped
                0x000000000041f918                V_DrawPatchDirect
                0x000000000041f91d                V_DrawTLPatch
                0x000000000041f9ed                V_DrawXlaPatch
                0x000000000041fab0                V_DrawAltTLPatch
                0x000000000041fb80                V_DrawShadowedPatch
                0x000000000041fc7d                V_LoadTintTable
                0x000000000041fc96                V_LoadXlaTable
                0x000000000041fcaf                V_DrawBlock
                0x000000000041fd3a                V_DrawFilledBox
                0x000000000041fd74                V_DrawHorizLine
                0x000000000041fd99                V_DrawVertLine
                0x000000000041fdc5                V_DrawBox
                0x000000000041fdff                V_DrawRawScreen
                0x000000000041fe11                V_Init
                0x000000000041fe12                V_UseBuffer
                0x000000000041fe1a                V_RestoreBuffer
                0x000000000041fe29                WritePCXfile
                0x000000000041ff36                V_ScreenShot
                0x000000000041ffac                V_DrawMouseSpeedBox
 .text          0x0000000000420168     0x1af4 build/wi_stuff.o
                0x00000000004204cd                WI_slamBackground
                0x00000000004204dd                WI_Responder
                0x00000000004204e0                WI_drawLF
                0x000000000042059d                WI_drawEL
                0x000000000042060b                WI_drawOnLnode
                0x00000000004206ce                WI_initAnimatedBack
                0x0000000000420771                WI_updateAnimatedBack
                0x0000000000420850                WI_drawAnimatedBack
                0x00000000004208a7                WI_drawNum
                0x000000000042097b                WI_drawPercent
                0x00000000004209aa                WI_drawTime
                0x0000000000420a4a                WI_initNoState
                0x0000000000420a69                WI_updateNoState
                0x0000000000420a7f                WI_initShowNextLoc
                0x0000000000420aa2                WI_updateShowNextLoc
                0x0000000000420ad8                WI_drawShowNextLoc
                0x0000000000420b7f                WI_drawNoState
                0x0000000000420b8e                WI_fragSum
                0x0000000000420bc0                WI_initDeathmatchStats
                0x0000000000420c34                WI_updateDeathmatchStats
                0x0000000000420e1e                WI_drawDeathmatchStats
                0x0000000000420ffb                WI_initNetgameStats
                0x0000000000421097                WI_updateNetgameStats
                0x00000000004213b7                WI_drawNetgameStats
                0x00000000004215f0                WI_initStats
                0x000000000042164f                WI_updateStats
                0x00000000004218db                WI_drawStats
                0x00000000004219ea                WI_checkForAccelerate
                0x0000000000421a7e                WI_Ticker
                0x0000000000421afa                WI_loadData
                0x0000000000421b6c                WI_unloadData
                0x0000000000421b76                WI_End
                0x0000000000421b78                WI_Drawer
                0x0000000000421bb7                WI_initVariables
                0x0000000000421c2d                WI_Start
 .text          0x0000000000421c5c      0x102 build/w_checksum.o
                0x0000000000421c5c                W_Checksum
 .text          0x0000000000421d5e       0x27 build/w_file.o
                0x0000000000421d5e                W_OpenFile
                0x0000000000421d79                W_CloseFile
                0x0000000000421d7f                W_Read
 .text          0x0000000000421d85       0x6b build/w_main.o
                0x0000000000421d85                W_ParseCommandLine
 .text          0x0000000000421df0      0x600 build/w_wad.o
                0x0000000000421df0                W_LumpNameHash
                0x0000000000421e26                W_AddFile
                0x0000000000422082                W_NumLumps
                0x0000000000422089                W_CheckNumForName
                0x000000000042211f                W_GetNumForName
                0x0000000000422145                W_LumpLength
                0x000000000042216e                W_ReadLump
                0x00000000004221d4                W_CacheLumpNum
                0x000000000042226f                W_CacheLumpName
                0x000000000042228b                W_ReleaseLumpNum
                0x00000000004222d6                W_ReleaseLumpName
                0x00000000004222e1                W_GenerateHashTable
                0x000000000042236e                W_CheckCorrectIWAD
 .text          0x00000000004223f0      0x52f build/z_zone.o
                0x00000000004223f0                Z_ClearZone
                0x0000000000422427                Z_Init
                0x000000000042247b                Z_Free
                0x0000000000422526                Z_Malloc
                0x0000000000422634                Z_FreeTags
                0x0000000000422684                Z_DumpHeap
                0x0000000000422746                Z_FileDumpHeap
                0x00000000004227f8                Z_CheckHeap
                0x0000000000422869                Z_ChangeTag2
                0x00000000004228bf                Z_ChangeUser
                0x00000000004228e9                Z_FreeMemory
                0x0000000000422915                Z_ZoneSize
 .text          0x000000000042291f       0x98 build/w_file_stdc.o
                0x000000000042291f                W_StdC_Read
 .text          0x00000000004229b7       0xb0 build/i_input.o
                0x00000000004229b7                I_GetEvent
                0x0000000000422a66                I_InitInput
 .text          0x0000000000422a67      0x48a build/i_video.o
                0x0000000000422a67                cmap_to_rgb565
                0x0000000000422ac8                cmap_to_fb
                0x0000000000422b93                I_InitGraphics
                0x0000000000422d38                I_ShutdownGraphics
                0x0000000000422d52                I_StartFrame
                0x0000000000422d53                I_StartTic
                0x0000000000422d58                I_UpdateNoBlit
                0x0000000000422d59                I_FinishUpdate
                0x0000000000422e2f                I_ReadScreen
                0x0000000000422e3e                I_SetPalette
                0x0000000000422e9b                I_GetPaletteIndex
                0x0000000000422ee4                I_BeginRead
                0x0000000000422ee5                I_EndRead
                0x0000000000422ee6                I_SetWindowTitle
                0x0000000000422eeb                I_GraphicsCheckCommandLine
                0x0000000000422eec                I_SetGrabMouseCallback
                0x0000000000422eed                I_EnableLoadingDisk
                0x0000000000422eee                I_BindVideoVariables
                0x0000000000422eef                I_DisplayFPSDots
                0x0000000000422ef0                I_CheckIsScreensaver
 .text          0x0000000000422ef1       0x1a build/doomgeneric.o
                0x0000000000422ef1                dg_Create
 .text          0x0000000000422f0b      0x20a build/doomgeneric_lemon.o
                0x0000000000422fb8                DG_Init
                0x0000000000422ffd                DG_DrawFrame
                0x0000000000423081                DG_SleepMs
                0x0000000000423099                DG_GetTicksMs
                0x00000000004230bf                DG_GetKey
                0x00000000004230f1                DG_SetWindowTitle
 .text          0x0000000000423115       0x75 /home/user/.local/share/lemon/sysroot/usr/lib/liblemon.a(src_ipc.cpp.o)
                0x0000000000423115                ReceiveMessage(ipc_message_t*)
                0x0000000000423146                SendMessage(unsigned long, ipc_message_t)
 .text          0x000000000042318a      0xd45 /home/user/.local/share/lemon/sysroot/usr/lib/liblemon.a(src_gfx_graphics.cpp.o)
                0x000000000042318a                memset32_optimized(void*, unsigned int, unsigned long)
                0x00000000004231c2                memset64_optimized(void*, unsigned long, unsigned long)
                0x000000000042326a                memcpy_optimized(void*, void*, unsigned long)
                0x000000000042334f                CreateFramebufferSurface(FBInfo, void*)
                0x00000000004233c4                PointInRect(Rect, Vector2i)
                0x000000000042341f                floor(double)
                0x000000000042344d                DrawRect(Rect, RGBAColour, Surface*)
                0x0000000000423496                DrawRect(int, int, int, int, unsigned char, unsigned char, unsigned char, Surface*)
                0x00000000004235ae                DrawRect(int, int, int, int, RGBAColour, Surface*)
                0x00000000004235ff                DrawBitmapImage(int, int, int, int, unsigned char*, Surface*)
                0x0000000000423849                DrawGradient(int, int, int, int, RGBAColour, RGBAColour, Surface*)
                0x00000000004239b3                DrawGradientVertical(Rect, RGBAColour, RGBAColour, Surface*)
                0x0000000000423a0a                DrawGradientVertical(int, int, int, int, RGBAColour, RGBAColour, Surface*)
                0x0000000000423b97                surfacecpy(Surface*, Surface*, Vector2i)
                0x0000000000423c70                surfacecpy(Surface*, Surface*, Vector2i, Rect)
                0x0000000000423daf                surfacecpyTransparent(Surface*, Surface*, Vector2i)
 .text          0x0000000000423ecf      0x5f5 /home/user/.local/share/lemon/sysroot/usr/lib/liblemon.a(src_gfx_window_window.cpp.o)
                0x0000000000423ecf                _CreateWindow(win_info_t*)
                0x0000000000423f0d                _CreateWindow(win_info_t*, void**, void**)
                0x0000000000423f51                _DestroyWindow(void*)
                0x0000000000423f80                _PaintWindow(void*, int)
                0x0000000000423fb0                CreateWindow(win_info_t*)
                0x00000000004240b2                DestroyWindow(Window*)
                0x00000000004240f5                UpdateWindow(Window*)
                0x000000000042412b                SwapWindowBuffers(Window*)
                0x00000000004241ad                PaintWindow(Window*)
                0x0000000000424284                HandleMouseDown(Window*, Vector2i)
                0x000000000042432f                HandleMouseUp(Window*, Vector2i)
                0x00000000004243ae                HandleMouseMovement(Window*, Vector2i)
                0x000000000042449e                AddWidget(Widget*, Window*)
 .text._ZN10win_info_tC2Ev
                0x00000000004244c4       0x32 /home/user/.local/share/lemon/sysroot/usr/lib/liblemon.a(src_gfx_window_window.cpp.o)
                0x00000000004244c4                win_info_t::win_info_t()
                0x00000000004244c4                win_info_t::win_info_t()
 .text._ZN6WindowC2Ev
                0x00000000004244f6       0x80 /home/user/.local/share/lemon/sysroot/usr/lib/liblemon.a(src_gfx_window_window.cpp.o)
                0x00000000004244f6                Window::Window()
                0x00000000004244f6                Window::Window()
 .text._ZN6WindowD2Ev
                0x0000000000424576       0x1b /home/user/.local/share/lemon/sysroot/usr/lib/liblemon.a(src_gfx_window_window.cpp.o)
                0x0000000000424576                Window::~Window()
                0x0000000000424576                Window::~Window()
 *fill*         0x0000000000424591        0x1 
 .text._ZN4ListIP6WidgetEC2Ev
                0x0000000000424592       0x2d /home/user/.local/share/lemon/sysroot/usr/lib/liblemon.a(src_gfx_window_window.cpp.o)
                0x0000000000424592                List<Widget*>::List()
                0x0000000000424592                List<Widget*>::List()
 *fill*         0x00000000004245bf        0x1 
 .text._ZN4ListIP6WidgetED2Ev
                0x00000000004245c0       0x2d /home/user/.local/share/lemon/sysroot/usr/lib/liblemon.a(src_gfx_window_window.cpp.o)
                0x00000000004245c0                List<Widget*>::~List()
                0x00000000004245c0                List<Widget*>::~List()
 *fill*         0x00000000004245ed        0x1 
 .text._ZN4ListIP6WidgetE10get_lengthEv
                0x00000000004245ee       0x11 /home/user/.local/share/lemon/sysroot/usr/lib/liblemon.a(src_gfx_window_window.cpp.o)
                0x00000000004245ee                List<Widget*>::get_length()
 *fill*         0x00000000004245ff        0x1 
 .text._ZN4ListIP6WidgetE6get_atEj
                0x0000000000424600       0x88 /home/user/.local/share/lemon/sysroot/usr/lib/liblemon.a(src_gfx_window_window.cpp.o)
                0x0000000000424600                List<Widget*>::get_at(unsigned int)
 .text._ZN4ListIP6WidgetEixEj
                0x0000000000424688       0x22 /home/user/.local/share/lemon/sysroot/usr/lib/liblemon.a(src_gfx_window_window.cpp.o)
                0x0000000000424688                List<Widget*>::operator[](unsigned int)
 .text._ZN8ListNodeIP6WidgetEC2Ev
                0x00000000004246aa       0x22 /home/user/.local/share/lemon/sysroot/usr/lib/liblemon.a(src_gfx_window_window.cpp.o)
                0x00000000004246aa                ListNode<Widget*>::ListNode()
                0x00000000004246aa                ListNode<Widget*>::ListNode()
 .text._ZN4ListIP6WidgetE8add_backES1_
                0x00000000004246cc       0xce /home/user/.local/share/lemon/sysroot/usr/lib/liblemon.a(src_gfx_window_window.cpp.o)
                0x00000000004246cc                List<Widget*>::add_back(Widget*)
 .text._ZN4ListIP6WidgetE9remove_atEj
                0x000000000042479a      0x12d /home/user/.local/share/lemon/sysroot/usr/lib/liblemon.a(src_gfx_window_window.cpp.o)
                0x000000000042479a                List<Widget*>::remove_at(unsigned int)
 *fill*         0x00000000004248c7        0x9 
 .text          0x00000000004248d0       0xc4 /home/user/.local/share/lemon/sysroot/usr/lib/liblemon.a(sse2.asm.o)
                0x00000000004248d0                memcpy_sse2
                0x00000000004248f4                memcpy_sse2_unaligned
                0x0000000000424918                memset32_sse2
                0x000000000042495c                memset64_sse2
 .text          0x0000000000424994       0xc6 /home/user/.local/share/lemon/sysroot/usr/lib/liblemon.a(src_runtime.cpp.o)
                0x0000000000424994                operator new(unsigned long)
                0x00000000004249bd                operator new[](unsigned long)
                0x00000000004249e6                operator delete(void*)
                0x0000000000424a01                operator delete(void*, unsigned long)
                0x0000000000424a20                operator delete[](void*)
                0x0000000000424a3b                operator delete[](void*, unsigned long)
 *fill*         0x0000000000424a5a        0x6 
 .text          0x0000000000424a60       0x41 /home/user/.local/share/lemon/lib/gcc/x86_64-lemon/8.2.0/crtend.o
 *(.gnu.warning)

.fini           0x0000000000424aa1        0x8
 *(SORT_NONE(.fini))
 .fini          0x0000000000424aa1        0x0 /home/user/.local/share/lemon/lib/gcc/x86_64-lemon/8.2.0/crti.o
                0x0000000000424aa1                _fini
 .fini          0x0000000000424aa1        0x5 /home/user/.local/share/lemon/lib/gcc/x86_64-lemon/8.2.0/crtbegin.o
 .fini          0x0000000000424aa6        0x3 /home/user/.local/share/lemon/lib/gcc/x86_64-lemon/8.2.0/crtn.o
                [!provide]                        PROVIDE (__etext = .)
                [!provide]                        PROVIDE (_etext = .)
                [!provide]                        PROVIDE (etext = .)

.rodata         0x0000000000424ac0    0x19105
 *(.rodata .rodata.* .gnu.linkonce.r.*)
 .rodata.str1.1
                0x0000000000424ac0       0x15 build/i_main.o
 .rodata.str1.1
                0x0000000000424ad5       0x67 build/am_map.o
 *fill*         0x0000000000424b3c        0x4 
 .rodata        0x0000000000424b40       0x40 build/am_map.o
 .rodata.str1.1
                0x0000000000424b80      0x328 build/dstrings.o
 .rodata.str1.1
                0x0000000000424ea8      0x1c0 build/d_iwad.o
                                        0x1d3 (size before relaxing)
 *fill*         0x0000000000425068       0x18 
 .rodata        0x0000000000425080      0x150 build/d_iwad.o
 .rodata.str1.1
                0x00000000004251d0       0x6e build/d_loop.o
 .rodata.str1.1
                0x000000000042523e      0x947 build/d_main.o
                                        0x995 (size before relaxing)
 *fill*         0x0000000000425b85       0x1b 
 .rodata        0x0000000000425ba0      0x230 build/d_main.o
 .rodata.str1.1
                0x0000000000425dd0       0x1a build/d_mode.o
                                         0x3c (size before relaxing)
 *fill*         0x0000000000425dea       0x16 
 .rodata        0x0000000000425e00      0x190 build/d_mode.o
 .rodata.str1.1
                0x0000000000425f90      0x155 build/d_net.o
                                        0x16d (size before relaxing)
 .rodata.str1.1
                0x00000000004260e5     0x1ef5 build/f_finale.o
                                       0x1f08 (size before relaxing)
 *fill*         0x0000000000427fda        0x6 
 .rodata        0x0000000000427fe0       0x30 build/f_wipe.o
 .rodata.str1.1
                0x0000000000428010      0x348 build/g_game.o
                                        0x369 (size before relaxing)
 *fill*         0x0000000000428358        0x8 
 .rodata        0x0000000000428360      0x160 build/g_game.o
 .rodata.cst4   0x00000000004284c0        0x4 build/g_game.o
 .rodata.str1.1
                0x00000000004284c4      0xc0f build/hu_stuff.o
 .rodata.str1.1
                0x00000000004290d3      0x2a3 build/info.o
                                        0x2b2 (size before relaxing)
 .rodata.str1.1
                0x0000000000429376       0xa7 build/i_joystick.o
 .rodata.str1.1
                0x000000000042941d       0x19 build/i_sound.o
                                         0x1a (size before relaxing)
 .rodata.str1.1
                0x0000000000429436      0x211 build/i_system.o
 *fill*         0x0000000000429647        0x1 
 .rodata        0x0000000000429648       0x2a build/i_system.o
 .rodata.str1.1
                0x0000000000429672      0xaf2 build/m_config.o
                                        0xc19 (size before relaxing)
 *fill*         0x000000000042a164       0x1c 
 .rodata        0x000000000042a180      0x240 build/m_config.o
 .rodata.str1.1
                0x000000000042a3c0       0x16 build/m_controls.o
                                        0x630 (size before relaxing)
 .rodata.str1.1
                0x000000000042a3d6      0x3f7 build/m_menu.o
                                        0x40f (size before relaxing)
 *fill*         0x000000000042a7cd        0x3 
 .rodata        0x000000000042a7d0       0x20 build/m_menu.o
 .rodata.str1.1
                0x000000000042a7f0       0xde build/m_misc.o
                                         0xec (size before relaxing)
 *fill*         0x000000000042a8ce       0x12 
 .rodata        0x000000000042a8e0      0x100 build/m_random.o
 .rodata        0x000000000042a9e0       0x60 build/p_ceilng.o
 .rodata        0x000000000042aa40       0x80 build/p_doors.o
 .rodata.str1.1
                0x000000000042aac0      0x137 build/p_doors.o
 .rodata.str1.1
                0x000000000042abf7       0x3b build/p_enemy.o
 *fill*         0x000000000042ac32        0x6 
 .rodata        0x000000000042ac38       0x68 build/p_floor.o
 .rodata.str1.1
                0x000000000042aca0      0x3d7 build/p_inter.o
 *fill*         0x000000000042b077        0x1 
 .rodata        0x000000000042b078      0x138 build/p_inter.o
 .rodata.str1.1
                0x000000000042b1b0       0x72 build/p_map.o
 *fill*         0x000000000042b222       0x1e 
 .rodata        0x000000000042b240      0x228 build/p_maputl.o
 .rodata.str1.1
                0x000000000042b468       0x2d build/p_mobj.o
 .rodata.str1.1
                0x000000000042b495       0x45 build/p_plats.o
 *fill*         0x000000000042b4da        0x6 
 .rodata        0x000000000042b4e0       0x28 build/p_plats.o
 .rodata.str1.1
                0x000000000042b508       0xc3 build/p_saveg.o
                                         0xe1 (size before relaxing)
 *fill*         0x000000000042b5cb        0x5 
 .rodata        0x000000000042b5d0       0x40 build/p_saveg.o
 .rodata.str1.1
                0x000000000042b610       0x5a build/p_setup.o
 .rodata.str1.1
                0x000000000042b66a       0x28 build/p_sight.o
 .rodata.str1.1
                0x000000000042b692      0x242 build/p_spec.o
 *fill*         0x000000000042b8d4        0x4 
 .rodata        0x000000000042b8d8      0x550 build/p_spec.o
 .rodata.str1.1
                0x000000000042be28       0x25 build/p_switch.o
 *fill*         0x000000000042be4d        0x3 
 .rodata        0x000000000042be50      0x460 build/p_switch.o
 .rodata.str1.1
                0x000000000042c2b0       0x23 build/r_bsp.o
 .rodata.str1.1
                0x000000000042c2d3      0x120 build/r_data.o
                                        0x12e (size before relaxing)
 .rodata.str1.1
                0x000000000042c3f3       0xa6 build/r_draw.o
 .rodata.str1.1
                0x000000000042c499       0xa6 build/r_plane.o
 .rodata.str1.1
                0x000000000042c53f       0x20 build/r_segs.o
 .rodata.str1.1
                0x000000000042c55f      0x1d2 build/r_things.o
 .rodata.str1.1
                0x000000000042c731      0x186 build/sounds.o
                                        0x191 (size before relaxing)
 .rodata.str1.1
                0x000000000042c8b7        0xa build/statdump.o
 .rodata.str1.1
                0x000000000042c8b7       0x5b build/st_lib.o
 .rodata.str1.1
                0x000000000042c912      0x1b1 build/st_stuff.o
                                        0x1b9 (size before relaxing)
 .rodata.str1.1
                0x000000000042cac3       0x69 build/s_sound.o
 *fill*         0x000000000042cb2c       0x14 
 .rodata        0x000000000042cb40       0x24 build/s_sound.o
 *fill*         0x000000000042cb64       0x1c 
 .rodata        0x000000000042cb80    0x10520 build/tables.o
                0x000000000042cb80                gammatable
                0x000000000042d080                tantoangle
                0x000000000042f0a0                finesine
                0x00000000004390a0                finetangent
 .rodata.str1.1
                0x000000000043d0a0      0x100 build/v_video.o
                                        0x108 (size before relaxing)
 .rodata.cst4   0x000000000043d1a0        0x4 build/v_video.o
 *fill*         0x000000000043d1a4        0xc 
 .rodata.cst16  0x000000000043d1b0       0x10 build/v_video.o
 .rodata.cst8   0x000000000043d1c0        0x8 build/v_video.o
 .rodata.str1.1
                0x000000000043d1c8       0xf9 build/wi_stuff.o
                                        0x10b (size before relaxing)
 *fill*         0x000000000043d2c1       0x1f 
 .rodata        0x000000000043d2e0      0x1a0 build/wi_stuff.o
 .rodata.str1.1
                0x000000000043d480        0x6 build/w_file.o
 .rodata.str1.1
                0x000000000043d486        0x6 build/w_main.o
                                         0x12 (size before relaxing)
 .rodata.str1.1
                0x000000000043d48c      0x1d2 build/w_wad.o
                                        0x1d6 (size before relaxing)
 *fill*         0x000000000043d65e        0x2 
 .rodata        0x000000000043d660       0x40 build/w_wad.o
 .rodata.str1.1
                0x000000000043d6a0      0x323 build/z_zone.o
 .rodata.str1.1
                0x000000000043d9c3        0x3 build/w_file_stdc.o
 *fill*         0x000000000043d9c3       0x1d 
 .rodata        0x000000000043d9e0       0x80 build/i_input.o
 .rodata.str1.1
                0x000000000043da60      0x15b build/i_video.o
 .rodata.str1.1
                0x000000000043dbbb        0xa build/doomgeneric_lemon.o

.rodata1
 *(.rodata1)

.eh_frame_hdr
 *(.eh_frame_hdr)
 *(.eh_frame_entry .eh_frame_entry.*)

.eh_frame       0x000000000043dbc8     0x7d64
 *(.eh_frame)
 .eh_frame      0x000000000043dbc8       0x40 /home/user/.local/share/lemon/sysroot/usr/lib/crt0.o
 .eh_frame      0x000000000043dc08        0x0 /home/user/.local/share/lemon/sysroot/usr/lib/crt0.o
 .eh_frame      0x000000000043dc08        0x0 /home/user/.local/share/lemon/lib/gcc/x86_64-lemon/8.2.0/crtbegin.o
 .eh_frame      0x000000000043dc08       0x18 build/i_main.o
                                         0x30 (size before relaxing)
 .eh_frame      0x000000000043dc20       0x18 build/dummy.o
                                         0x30 (size before relaxing)
 .eh_frame      0x000000000043dc38      0x4b0 build/am_map.o
                                        0x4c8 (size before relaxing)
 .eh_frame      0x000000000043e0e8       0x28 build/d_event.o
                                         0x40 (size before relaxing)
 .eh_frame      0x000000000043e110      0x158 build/d_iwad.o
                                        0x170 (size before relaxing)
 .eh_frame      0x000000000043e268      0x160 build/d_loop.o
                                        0x178 (size before relaxing)
 .eh_frame      0x000000000043e3c8      0x1e8 build/d_main.o
                                        0x200 (size before relaxing)
 .eh_frame      0x000000000043e5b0       0x78 build/d_mode.o
                                         0x90 (size before relaxing)
 .eh_frame      0x000000000043e628       0x70 build/d_net.o
                                         0x88 (size before relaxing)
 .eh_frame      0x000000000043e698      0x198 build/f_finale.o
                                        0x1b0 (size before relaxing)
 .eh_frame      0x000000000043e830      0x180 build/f_wipe.o
                                        0x198 (size before relaxing)
 .eh_frame      0x000000000043e9b0      0x4f8 build/g_game.o
                                        0x510 (size before relaxing)
 .eh_frame      0x000000000043eea8      0x228 build/hu_lib.o
                                        0x240 (size before relaxing)
 .eh_frame      0x000000000043f0d0      0x138 build/hu_stuff.o
                                        0x150 (size before relaxing)
 .eh_frame      0x000000000043f208        0x0 build/i_cdmus.o
                                         0xd0 (size before relaxing)
 .eh_frame      0x000000000043f208       0x18 build/i_endoom.o
                                         0x30 (size before relaxing)
 .eh_frame      0x000000000043f220       0x68 build/i_joystick.o
                                         0x80 (size before relaxing)
 .eh_frame      0x000000000043f288        0x0 build/i_scale.o
                                        0x498 (size before relaxing)
 .eh_frame      0x000000000043f288      0x1c0 build/i_sound.o
                                        0x1d8 (size before relaxing)
 .eh_frame      0x000000000043f448      0x170 build/i_system.o
                                        0x188 (size before relaxing)
 .eh_frame      0x000000000043f5b8       0x80 build/i_timer.o
                                         0x98 (size before relaxing)
 .eh_frame      0x000000000043f638        0x0 build/memio.o
                                        0x110 (size before relaxing)
 .eh_frame      0x000000000043f638       0x98 build/m_argv.o
                                         0xb0 (size before relaxing)
 .eh_frame      0x000000000043f6d0       0x28 build/m_bbox.o
                                         0x40 (size before relaxing)
 .eh_frame      0x000000000043f6f8       0x28 build/m_cheat.o
                                         0x40 (size before relaxing)
 .eh_frame      0x000000000043f720      0x198 build/m_config.o
                                        0x1b0 (size before relaxing)
 .eh_frame      0x000000000043f8b8       0xf0 build/m_controls.o
                                        0x108 (size before relaxing)
 .eh_frame      0x000000000043f9a8       0x28 build/m_fixed.o
                                         0x40 (size before relaxing)
 .eh_frame      0x000000000043f9d0      0x610 build/m_menu.o
                                        0x628 (size before relaxing)
 .eh_frame      0x000000000043ffe0      0x2f0 build/m_misc.o
                                        0x308 (size before relaxing)
 .eh_frame      0x00000000004402d0       0x40 build/m_random.o
                                         0x58 (size before relaxing)
 .eh_frame      0x0000000000440310       0xe0 build/p_ceilng.o
                                         0xf8 (size before relaxing)
 .eh_frame      0x00000000004403f0      0x128 build/p_doors.o
                                        0x140 (size before relaxing)
 .eh_frame      0x0000000000440518      0x9b8 build/p_enemy.o
                                        0x9d0 (size before relaxing)
 .eh_frame      0x0000000000440ed0       0xf8 build/p_floor.o
                                        0x110 (size before relaxing)
 .eh_frame      0x0000000000440fc8      0x1a8 build/p_inter.o
                                        0x1c0 (size before relaxing)
 .eh_frame      0x0000000000441170      0x1b0 build/p_lights.o
                                        0x1c8 (size before relaxing)
 .eh_frame      0x0000000000441320      0x3c8 build/p_map.o
                                        0x3e0 (size before relaxing)
 .eh_frame      0x00000000004416e8      0x2d0 build/p_maputl.o
                                        0x2e8 (size before relaxing)
 .eh_frame      0x00000000004419b8      0x360 build/p_mobj.o
                                        0x378 (size before relaxing)
 .eh_frame      0x0000000000441d18       0xf0 build/p_plats.o
                                        0x108 (size before relaxing)
 .eh_frame      0x0000000000441e08      0x430 build/p_pspr.o
                                        0x448 (size before relaxing)
 .eh_frame      0x0000000000442238      0x388 build/p_saveg.o
                                        0x3a0 (size before relaxing)
 .eh_frame      0x00000000004425c0      0x248 build/p_setup.o
                                        0x260 (size before relaxing)
 .eh_frame      0x0000000000442808       0xf8 build/p_sight.o
                                        0x110 (size before relaxing)
 .eh_frame      0x0000000000442900      0x2a0 build/p_spec.o
                                        0x2b8 (size before relaxing)
 .eh_frame      0x0000000000442ba0       0xa8 build/p_switch.o
                                         0xc0 (size before relaxing)
 .eh_frame      0x0000000000442c48       0x40 build/p_telept.o
                                         0x58 (size before relaxing)
 .eh_frame      0x0000000000442c88       0x88 build/p_tick.o
                                         0xa0 (size before relaxing)
 .eh_frame      0x0000000000442d10       0xb0 build/p_user.o
                                         0xc8 (size before relaxing)
 .eh_frame      0x0000000000442dc0      0x158 build/r_bsp.o
                                        0x170 (size before relaxing)
 .eh_frame      0x0000000000442f18      0x258 build/r_data.o
                                        0x270 (size before relaxing)
 .eh_frame      0x0000000000443170      0x188 build/r_draw.o
                                        0x1a0 (size before relaxing)
 .eh_frame      0x00000000004432f8      0x220 build/r_main.o
                                        0x238 (size before relaxing)
 .eh_frame      0x0000000000443518      0x150 build/r_plane.o
                                        0x168 (size before relaxing)
 .eh_frame      0x0000000000443668       0xc8 build/r_segs.o
                                         0xe0 (size before relaxing)
 .eh_frame      0x0000000000443730       0x18 build/r_sky.o
                                         0x30 (size before relaxing)
 .eh_frame      0x0000000000443748      0x280 build/r_things.o
                                        0x298 (size before relaxing)
 .eh_frame      0x00000000004439c8      0x100 build/sha1.o
                                        0x118 (size before relaxing)
 .eh_frame      0x0000000000443ac8       0x30 build/statdump.o
                                         0x48 (size before relaxing)
 .eh_frame      0x0000000000443af8      0x1c0 build/st_lib.o
                                        0x1d8 (size before relaxing)
 .eh_frame      0x0000000000443cb8      0x2c0 build/st_stuff.o
                                        0x2d8 (size before relaxing)
 .eh_frame      0x0000000000443f78      0x218 build/s_sound.o
                                        0x230 (size before relaxing)
 .eh_frame      0x0000000000444190       0x18 build/tables.o
                                         0x30 (size before relaxing)
 .eh_frame      0x00000000004441a8      0x3c8 build/v_video.o
                                        0x3e0 (size before relaxing)
 .eh_frame      0x0000000000444570      0x578 build/wi_stuff.o
                                        0x590 (size before relaxing)
 .eh_frame      0x0000000000444ae8       0x50 build/w_checksum.o
                                         0x68 (size before relaxing)
 .eh_frame      0x0000000000444b38       0x48 build/w_file.o
                                         0x60 (size before relaxing)
 .eh_frame      0x0000000000444b80       0x30 build/w_main.o
                                         0x48 (size before relaxing)
 .eh_frame      0x0000000000444bb0      0x220 build/w_wad.o
                                        0x238 (size before relaxing)
 .eh_frame      0x0000000000444dd0      0x1c0 build/z_zone.o
                                        0x1d8 (size before relaxing)
 .eh_frame      0x0000000000444f90       0x70 build/w_file_stdc.o
                                         0x88 (size before relaxing)
 .eh_frame      0x0000000000445000       0x30 build/i_input.o
                                         0x48 (size before relaxing)
 .eh_frame      0x0000000000445030      0x200 build/i_video.o
                                        0x218 (size before relaxing)
 .eh_frame      0x0000000000445230       0x18 build/doomgeneric.o
                                         0x30 (size before relaxing)
 .eh_frame      0x0000000000445248       0xd0 build/doomgeneric_lemon.o
                                         0xe8 (size before relaxing)
 .eh_frame      0x0000000000445318       0x40 /home/user/.local/share/lemon/sysroot/usr/lib/liblemon.a(src_ipc.cpp.o)
                                         0x58 (size before relaxing)
 .eh_frame      0x0000000000445358      0x208 /home/user/.local/share/lemon/sysroot/usr/lib/liblemon.a(src_gfx_graphics.cpp.o)
                                        0x220 (size before relaxing)
 .eh_frame      0x0000000000445560      0x308 /home/user/.local/share/lemon/sysroot/usr/lib/liblemon.a(src_gfx_window_window.cpp.o)
                                        0x320 (size before relaxing)
 .eh_frame      0x0000000000445868       0xc0 /home/user/.local/share/lemon/sysroot/usr/lib/liblemon.a(src_runtime.cpp.o)
                                         0xd8 (size before relaxing)
 .eh_frame      0x0000000000445928        0x4 /home/user/.local/share/lemon/lib/gcc/x86_64-lemon/8.2.0/crtend.o
 *(.eh_frame.*)

.gcc_except_table
 *(.gcc_except_table .gcc_except_table.*)

.gnu_extab