Archive member included to satisfy reference by file (symbol)

/usr/lib/libc_nonshared.a(elf-init.oS)
                              /usr/lib/gcc/x86_64-pc-linux-gnu/10.2.0/../../../../lib/Scrt1.o (__libc_csu_init)

Merging program properties

Removed property 0xc0000002 to merge /usr/lib/gcc/x86_64-pc-linux-gnu/10.2.0/../../../../lib/Scrt1.o (0x3) and build/i_main.o (not found)
Removed property 0xc0010001 to merge /usr/lib/gcc/x86_64-pc-linux-gnu/10.2.0/../../../../lib/Scrt1.o (0x1) and build/i_main.o (not found)
Removed property 0xc0010002 to merge /usr/lib/gcc/x86_64-pc-linux-gnu/10.2.0/../../../../lib/Scrt1.o (0x0) and build/i_main.o (not found)
Removed property 0xc0010001 to merge /usr/lib/gcc/x86_64-pc-linux-gnu/10.2.0/../../../../lib/Scrt1.o (not found) and build/doomgeneric_xlib.o (0x1)
Removed property 0xc0010002 to merge /usr/lib/gcc/x86_64-pc-linux-gnu/10.2.0/../../../../lib/Scrt1.o (not found) and build/doomgeneric_xlib.o (0x0)
Removed property 0xc0000002 to merge /usr/lib/gcc/x86_64-pc-linux-gnu/10.2.0/../../../../lib/Scrt1.o (not found) and /usr/lib/libc_nonshared.a(elf-init.oS) (0x3)
Removed property 0xc0010001 to merge /usr/lib/gcc/x86_64-pc-linux-gnu/10.2.0/../../../../lib/Scrt1.o (not found) and /usr/lib/libc_nonshared.a(elf-init.oS) (0x1)
Removed property 0xc0010002 to merge /usr/lib/gcc/x86_64-pc-linux-gnu/10.2.0/../../../../lib/Scrt1.o (not found) and /usr/lib/libc_nonshared.a(elf-init.oS) (0x0)
Removed property 0xc0000002 to merge /usr/lib/gcc/x86_64-pc-linux-gnu/10.2.0/../../../../lib/Scrt1.o (not found) and /usr/lib/gcc/x86_64-pc-linux-gnu/10.2.0/crtendS.o (0x3)
Removed property 0xc0010001 to merge /usr/lib/gcc/x86_64-pc-linux-gnu/10.2.0/../../../../lib/Scrt1.o (not found) and /usr/lib/gcc/x86_64-pc-linux-gnu/10.2.0/crtendS.o (0x1)
Removed property 0xc0010002 to merge /usr/lib/gcc/x86_64-pc-linux-gnu/10.2.0/../../../../lib/Scrt1.o (not found) and /usr/lib/gcc/x86_64-pc-linux-gnu/10.2.0/crtendS.o (0x0)
Removed property 0xc0000002 to merge /usr/lib/gcc/x86_64-pc-linux-gnu/10.2.0/../../../../lib/Scrt1.o (not found) and /usr/lib/gcc/x86_64-pc-linux-gnu/10.2.0/../../../../lib/crtn.o (0x3)
Removed property 0xc0010001 to merge /usr/lib/gcc/x86_64-pc-linux-gnu/10.2.0/../../../../lib/Scrt1.o (not found) and /usr/lib/gcc/x86_64-pc-linux-gnu/10.2.0/../../../../lib/crtn.o (0x1)
Removed property 0xc0010002 to merge /usr/lib/gcc/x86_64-pc-linux-gnu/10.2.0/../../../../lib/Scrt1.o (not found) and /usr/lib/gcc/x86_64-pc-linux-gnu/10.2.0/../../../../lib/crtn.o (0x0)
