Archive member included to satisfy reference by file (symbol)

/usr/lib/x86_64-linux-gnu/libc_nonshared.a(elf-init.oS)
                              /usr/lib/gcc/x86_64-linux-gnu/8/../../../x86_64-linux-gnu/Scrt1.o (__libc_csu_init)

As-needed library included to satisfy reference by file (symbol)

libc.so.6                     build/i_scale.o (fflush@@GLIBC_2.2.5)
libX11.so.6                   build/doomgeneric_xlib.o (XSetForeground)

Allocating common symbols
Common symbol       size              file

secondslidefrac     0x4               build/p_map.o
bottomtexture       0x4               build/r_segs.o
curline             0x8               build/r_bsp.o
nodrawers           0x4               build/g_game.o
dccount             0x4               build/r_draw.o
savegamestrings     0xf0              build/m_menu.o
extralight          0x4               build/r_main.o
usergame            0x4               build/g_game.o
casttics            0x4               build/f_finale.o
d_map               0x4               build/g_game.o
displayplayer       0x4               build/g_game.o
sendpause           0x4               build/g_game.o
linecount           0x4               build/r_main.o
netgame             0x4               build/g_game.o
startskill          0x4               build/d_main.o
main_e              0x4               build/m_menu.o
advancedemo         0x4               build/d_main.o
bmaporgy            0x4               build/p_setup.o
activeceilings      0xf0              build/p_ceilng.o
rw_x                0x4               build/r_segs.o
slidemo             0x8               build/p_map.o
cachedheight        0x320             build/r_plane.o
switchlist          0x190             build/p_switch.o
levelstarttic       0x4               build/g_game.o
sttminus            0x8               build/st_lib.o
screenvisible       0x4               build/i_video.o
centerxfrac         0x4               build/r_main.o
rw_angle1           0x4               build/r_segs.o
viletryx            0x4               build/p_enemy.o
mceilingclip        0x8               build/r_things.o
sightcounts         0x8               build/p_sight.o
itemOn              0x2               build/m_menu.o
sprtopscreen        0x4               build/r_things.o
topfrac             0x4               build/r_segs.o
nofit               0x4               build/p_map.o
bestslidefrac       0x4               build/p_map.o
intercepts          0xbd0             build/p_maputl.o
bottomslope         0x4               build/p_sight.o
segs                0x8               build/p_setup.o
tmthing             0x8               build/p_map.o
castnum             0x4               build/f_finale.o
newvissprite        0x4               build/r_things.o
ds_y                0x4               build/r_draw.o
deathmatch_p        0x8               build/p_setup.o
pixhigh             0x4               build/r_segs.o
ds_x2               0x4               build/r_draw.o
st_backing_screen   0x8               build/st_stuff.o
visplanes           0x14c00           build/r_plane.o
viewangleoffset     0x4               build/r_main.o
numsubsectors       0x4               build/p_setup.o
mousex              0x4               build/g_game.o
colfunc             0x8               build/r_main.o
saveOldString       0x18              build/m_menu.o
floorplane          0x8               build/r_plane.o
transcolfunc        0x8               build/r_main.o
deathmatchstarts    0x64              build/p_setup.o
lastpatch           0x4               build/r_data.o
scaledviewwidth     0x4               build/r_draw.o
lasttime            0x4               build/d_loop.o
screenheightarray   0x280             build/r_things.o
firstflat           0x4               build/r_data.o
mainzone            0x8               build/z_zone.o
newend              0x8               build/r_bsp.o
levelTimeCount      0x4               build/p_spec.o
tempstring          0x50              build/m_menu.o
dc_x                0x4               build/r_draw.o
playeringame        0x10              build/g_game.o
numsides            0x4               build/p_setup.o
rw_distance         0x4               build/r_segs.o
basecolfunc         0x8               build/r_main.o
gameepisode         0x4               build/g_game.o
ds_ystep            0x4               build/r_draw.o
texturecolumnlump   0x8               build/r_data.o
lumpinfo            0x8               build/w_wad.o
currentMenu         0x8               build/m_menu.o
vileobj             0x8               build/p_enemy.o
ylookup             0x1a00            build/r_draw.o
savegame_error      0x4               build/p_saveg.o
netdemo             0x4               build/g_game.o
drawsegs            0x4000            build/r_bsp.o
earlyout            0x4               build/p_maputl.o
epi                 0x4               build/m_menu.o
baseyscale          0x4               build/r_plane.o
numtextures         0x4               build/r_data.o
[...]
Memory Configuration

Name             Origin             Length             Attributes
*default*        0x0000000000000000 0xffffffffffffffff

Linker script and memory map

LOAD /usr/lib/gcc/x86_64-linux-gnu/8/../../../x86_64-linux-gnu/Scrt1.o
LOAD /usr/lib/gcc/x86_64-linux-gnu/8/../../../x86_64-linux-gnu/crti.o
LOAD /usr/lib/gcc/x86_64-linux-gnu/8/crtbeginS.o
LOAD build/i_main.o
LOAD build/dummy.o
LOAD build/am_map.o
LOAD build/doomdef.o
LOAD build/doomstat.o
LOAD build/dstrings.o
LOAD build/d_event.o
LOAD build/d_items.o
LOAD build/d_iwad.o
LOAD build/d_loop.o
LOAD build/d_main.o
LOAD build/d_mode.o
LOAD build/d_net.o
LOAD build/f_finale.o
LOAD build/f_wipe.o
LOAD build/g_game.o
LOAD build/hu_lib.o
LOAD build/hu_stuff.o
LOAD build/info.o
LOAD build/i_cdmus.o
LOAD build/i_endoom.o
LOAD build/i_joystick.o
LOAD build/i_scale.o
LOAD build/i_sound.o
LOAD build/i_system.o
LOAD build/i_timer.o
LOAD build/memio.o
LOAD build/m_argv.o
LOAD build/m_bbox.o
LOAD build/m_cheat.o
LOAD build/m_config.o
LOAD build/m_controls.o
LOAD build/m_fixed.o
LOAD build/m_menu.o
LOAD build/m_misc.o
LOAD build/m_random.o
LOAD build/p_ceilng.o
LOAD build/p_doors.o
LOAD build/p_enemy.o
LOAD build/p_floor.o
LOAD build/p_inter.o
LOAD build/p_lights.o
LOAD build/p_map.o
LOAD build/p_maputl.o
LOAD build/p_mobj.o
LOAD build/p_plats.o
LOAD build/p_pspr.o
LOAD build/p_saveg.o
LOAD build/p_setup.o
LOAD build/p_sight.o
LOAD build/p_spec.o
LOAD build/p_switch.o
LOAD build/p_telept.o
LOAD build/p_tick.o
LOAD build/p_user.o
LOAD build/r_bsp.o
LOAD build/r_data.o
LOAD build/r_draw.o
LOAD build/r_main.o
LOAD build/r_plane.o
LOAD build/r_segs.o
LOAD build/r_sky.o
LOAD build/r_things.o
LOAD build/sha1.o
LOAD build/sounds.o
LOAD build/statdump.o
LOAD build/st_lib.o
LOAD build/st_stuff.o
LOAD build/s_sound.o
LOAD build/tables.o
LOAD build/v_video.o
LOAD build/wi_stuff.o
LOAD build/w_checksum.o
LOAD build/w_file.o
LOAD build/w_main.o
LOAD build/w_wad.o
LOAD build/z_zone.o
LOAD build/w_file_stdc.o
LOAD build/i_input.o
LOAD build/i_video.o
LOAD build/doomgeneric.o
LOAD build/doomgeneric_xlib.o
LOAD /usr/lib/gcc/x86_64-linux-gnu/8/../../../x86_64-linux-gnu/libm.so
START GROUP
LOAD /lib/x86_64-linux-gnu/libm.so.6
LOAD /usr/lib/x86_64-linux-gnu/libmvec_nonshared.a
LOAD /lib/x86_64-linux-gnu/libmvec.so.1
END GROUP
LOAD /usr/lib/gcc/x86_64-linux-gnu/8/../../../x86_64-linux-gnu/libc.so
START GROUP
LOAD /lib/x86_64-linux-gnu/libc.so.6
LOAD /usr/lib/x86_64-linux-gnu/libc_nonshared.a
LOAD /lib/x86_64-linux-gnu/ld-linux-x86-64.so.2
END GROUP
LOAD /usr/lib/gcc/x86_64-linux-gnu/8/../../../x86_64-linux-gnu/libX11.so
LOAD /usr/lib/gcc/x86_64-linux-gnu/8/libgcc.a
LOAD /usr/lib/gcc/x86_64-linux-gnu/8/libgcc_s.so
START GROUP
LOAD /lib/x86_64-linux-gnu/libgcc_s.so.1
LOAD /usr/lib/gcc/x86_64-linux-gnu/8/libgcc.a
END GROUP
LOAD /usr/lib/gcc/x86_64-linux-gnu/8/../../../x86_64-linux-gnu/libc.so
START GROUP
LOAD /lib/x86_64-linux-gnu/libc.so.6
LOAD /usr/lib/x86_64-linux-gnu/libc_nonshared.a
LOAD /lib/x86_64-linux-gnu/ld-linux-x86-64.so.2
END GROUP
LOAD /usr/lib/gcc/x86_64-linux-gnu/8/libgcc.a
LOAD /usr/lib/gcc/x86_64-linux-gnu/8/libgcc_s.so
START GROUP
LOAD /lib/x86_64-linux-gnu/libgcc_s.so.1
LOAD /usr/lib/gcc/x86_64-linux-gnu/8/libgcc.a
END GROUP
LOAD /usr/lib/gcc/x86_64-linux-gnu/8/crtendS.o
LOAD /usr/lib/gcc/x86_64-linux-gnu/8/../../../x86_64-linux-gnu/crtn.o
                [!provide]                        PROVIDE (__executable_start = SEGMENT_START ("text-segment", 0x0))
                0x0000000000000238                . = (SEGMENT_START ("text-segment", 0x0) + SIZEOF_HEADERS)

.interp         0x0000000000000238       0x1c
 *(.interp)
 .interp        0x0000000000000238       0x1c /usr/lib/gcc/x86_64-linux-gnu/8/../../../x86_64-linux-gnu/Scrt1.o

.note.ABI-tag   0x0000000000000254       0x20
 .note.ABI-tag  0x0000000000000254       0x20 /usr/lib/gcc/x86_64-linux-gnu/8/../../../x86_64-linux-gnu/Scrt1.o

.note.gnu.build-id
                0x0000000000000274       0x24
 *(.note.gnu.build-id)
 .note.gnu.build-id
                0x0000000000000274       0x24 /usr/lib/gcc/x86_64-linux-gnu/8/../../../x86_64-linux-gnu/Scrt1.o

.hash
 *(.hash)

.gnu.hash       0x0000000000000298       0x3c
 *(.gnu.hash)
 .gnu.hash      0x0000000000000298       0x3c /usr/lib/gcc/x86_64-linux-gnu/8/../../../x86_64-linux-gnu/Scrt1.o

.dynsym         0x00000000000002d8      0x690
 *(.dynsym)
 .dynsym        0x00000000000002d8      0x690 /usr/lib/gcc/x86_64-linux-gnu/8/../../../x86_64-linux-gnu/Scrt1.o

.dynstr         0x0000000000000968      0x330
 *(.dynstr)
 .dynstr        0x0000000000000968      0x330 /usr/lib/gcc/x86_64-linux-gnu/8/../../../x86_64-linux-gnu/Scrt1.o

.gnu.version    0x0000000000000c98       0x8c
 *(.gnu.version)
 .gnu.version   0x0000000000000c98       0x8c /usr/lib/gcc/x86_64-linux-gnu/8/../../../x86_64-linux-gnu/Scrt1.o

.gnu.version_d  0x0000000000000d28        0x0
 *(.gnu.version_d)
 .gnu.version_d
                0x0000000000000d28        0x0 /usr/lib/gcc/x86_64-linux-gnu/8/../../../x86_64-linux-gnu/Scrt1.o

.gnu.version_r  0x0000000000000d28       0x60
 *(.gnu.version_r)
 .gnu.version_r
                0x0000000000000d28       0x60 /usr/lib/gcc/x86_64-linux-gnu/8/../../../x86_64-linux-gnu/Scrt1.o

.rela.dyn       0x0000000000000d88     0x75d8
 *(.rela.init)
 *(.rela.text .rela.text.* .rela.gnu.linkonce.t.*)
 .rela.text.startup
                0x0000000000000d88        0x0 /usr/lib/gcc/x86_64-linux-gnu/8/../../../x86_64-linux-gnu/Scrt1.o
 .rela.text     0x0000000000000d88        0x0 /usr/lib/gcc/x86_64-linux-gnu/8/../../../x86_64-linux-gnu/Scrt1.o
 *(.rela.fini)
 *(.rela.rodata .rela.rodata.* .rela.gnu.linkonce.r.*)
 *(.rela.data .rela.data.* .rela.gnu.linkonce.d.*)
 .rela.data.rel.ro
                0x0000000000000d88      0x1b0 /usr/lib/gcc/x86_64-linux-gnu/8/../../../x86_64-linux-gnu/Scrt1.o
 .rela.data.rel.local
                0x0000000000000f38     0x4230 /usr/lib/gcc/x86_64-linux-gnu/8/../../../x86_64-linux-gnu/Scrt1.o
 .rela.data.rel.ro.local
                0x0000000000005168      0x630 /usr/lib/gcc/x86_64-linux-gnu/8/../../../x86_64-linux-gnu/Scrt1.o
 .rela.data.rel
                0x0000000000005798     0x2a60 /usr/lib/gcc/x86_64-linux-gnu/8/../../../x86_64-linux-gnu/Scrt1.o
 *(.rela.tdata .rela.tdata.* .rela.gnu.linkonce.td.*)
 *(.rela.tbss .rela.tbss.* .rela.gnu.linkonce.tb.*)
 *(.rela.ctors)
 *(.rela.dtors)
 *(.rela.got)
 .rela.got      0x00000000000081f8      0x120 /usr/lib/gcc/x86_64-linux-gnu/8/../../../x86_64-linux-gnu/Scrt1.o
 *(.rela.bss .rela.bss.* .rela.gnu.linkonce.b.*)
 .rela.bss      0x0000000000008318       0x18 /usr/lib/gcc/x86_64-linux-gnu/8/../../../x86_64-linux-gnu/Scrt1.o
 *(.rela.ldata .rela.ldata.* .rela.gnu.linkonce.l.*)
 *(.rela.lbss .rela.lbss.* .rela.gnu.linkonce.lb.*)
 *(.rela.lrodata .rela.lrodata.* .rela.gnu.linkonce.lr.*)
 *(.rela.ifunc)
 .rela.ifunc    0x0000000000008330        0x0 /usr/lib/gcc/x86_64-linux-gnu/8/../../../x86_64-linux-gnu/Scrt1.o
 .rela.fini_array
                0x0000000000008330       0x18 /usr/lib/gcc/x86_64-linux-gnu/8/../../../x86_64-linux-gnu/Scrt1.o
 .rela.init_array
                0x0000000000008348       0x18 /usr/lib/gcc/x86_64-linux-gnu/8/../../../x86_64-linux-gnu/Scrt1.o

.rela.plt       0x0000000000008360      0x570
 *(.rela.plt)
 .rela.plt      0x0000000000008360      0x570 /usr/lib/gcc/x86_64-linux-gnu/8/../../../x86_64-linux-gnu/Scrt1.o
                [!provide]                        PROVIDE (__rela_iplt_start = .)
 *(.rela.iplt)
                [!provide]                        PROVIDE (__rela_iplt_end = .)

.init           0x00000000000088d0       0x17
 *(SORT_NONE(.init))
 .init          0x00000000000088d0       0x12 /usr/lib/gcc/x86_64-linux-gnu/8/../../../x86_64-linux-gnu/crti.o
                0x00000000000088d0                _init
 .init          0x00000000000088e2        0x5 /usr/lib/gcc/x86_64-linux-gnu/8/../../../x86_64-linux-gnu/crtn.o

.plt            0x00000000000088f0      0x3b0
 *(.plt)
 .plt           0x00000000000088f0      0x3b0 /usr/lib/gcc/x86_64-linux-gnu/8/../../../x86_64-linux-gnu/Scrt1.o
 *(.iplt)

.plt.got        0x0000000000008ca0        0x8
 *(.plt.got)
 .plt.got       0x0000000000008ca0        0x8 /usr/lib/gcc/x86_64-linux-gnu/8/../../../x86_64-linux-gnu/Scrt1.o

.plt.sec
 *(.plt.sec)

.text           0x0000000000008cb0    0x236b2
 *(.text.unlikely .text.*_unlikely .text.unlikely.*)
 *(.text.exit .text.exit.*)
 *(.text.startup .text.startup.*)
 .text.startup  0x0000000000008cb0       0x2f build/i_main.o
                0x0000000000008cb0                main
 *(.text.hot .text.hot.*)
 *(.text .stub .text.* .gnu.linkonce.t.*)
 *fill*         0x0000000000008cdf        0x1 
 .text          0x0000000000008ce0       0x2b /usr/lib/gcc/x86_64-linux-gnu/8/../../../x86_64-linux-gnu/Scrt1.o
                0x0000000000008ce0                _start
 *fill*         0x0000000000008d0b        0x5 
 .text          0x0000000000008d10       0xb5 /usr/lib/gcc/x86_64-linux-gnu/8/crtbeginS.o
 .text          0x0000000000008dc5        0x1 build/dummy.o
                0x0000000000008dc5                I_InitTimidityConfig
 .text          0x0000000000008dc6     0x1728 build/am_map.o
                0x0000000000008dc6                AM_getIslope
                0x0000000000008e24                AM_activateNewScale
                0x0000000000008ec0                AM_saveScaleAndLoc
                0x0000000000008ef1                AM_restoreScaleAndLoc
                0x0000000000008fa0                AM_addMark
                0x0000000000008fed                AM_findMinMaxBoundaries
                0x0000000000009118                AM_changeWindowLoc
                0x00000000000091d1                AM_initVariables
                0x0000000000009326                AM_loadPics
                0x00000000000093a7                AM_unloadPics
                0x0000000000009412                AM_clearMarks
                0x0000000000009436                AM_LevelInit
                0x00000000000094ab                AM_Stop
                0x00000000000094d3                AM_Start
                0x0000000000009530                AM_minOutWindowScale
                0x0000000000009553                AM_maxOutWindowScale
                0x0000000000009576                AM_Responder
                0x00000000000098cf                AM_changeWindowScale
                0x0000000000009921                AM_doFollowPlayer
                0x00000000000099f4                AM_updateLightLev
                0x0000000000009a45                AM_Ticker
                0x0000000000009a8b                AM_clearFB
                0x0000000000009aa7                AM_clipMline
                0x0000000000009d7d                AM_drawFline
                0x0000000000009e9c                AM_drawMline
                0x0000000000009ec0                AM_drawGrid
                0x0000000000009fc4                AM_drawWalls
                0x000000000000a0b3                AM_rotate
                0x000000000000a129                AM_drawLineCharacter
                0x000000000000a247                AM_drawPlayers
                0x000000000000a32f                AM_drawThings
                0x000000000000a39f                AM_drawMarks
                0x000000000000a455                AM_drawCrosshair
                0x000000000000a47a                AM_Drawer
 .text          0x000000000000a4ee       0x6a build/d_event.o
                0x000000000000a4ee                D_PostEvent
                0x000000000000a523                D_PopEvent
 .text          0x000000000000a558      0x40d build/d_iwad.o
                0x000000000000a5cc                D_FindWADByName
                0x000000000000a683                D_TryFindWADByName
                0x000000000000a695                D_FindIWAD
                0x000000000000a860                D_FindAllIWADs
                0x000000000000a8c8                D_SaveGameIWADName
                0x000000000000a8f7                D_SuggestIWADName
                0x000000000000a92b                D_SuggestGameName
 .text          0x000000000000a965      0x5a3 build/d_loop.o
                0x000000000000a965                D_QuitNetGame
                0x000000000000aad3                NetUpdate
                0x000000000000ab33                D_ReceiveTic
                0x000000000000abd3                D_StartGameLoop
                0x000000000000abe8                D_StartNetGame
                0x000000000000ac22                D_InitNetGame
                0x000000000000ac44                TryRunTics
                0x000000000000af00                D_RegisterLoopCallbacks
 .text          0x000000000000af08     0x150d build/d_main.o
                0x000000000000af08                D_GrabMouseCallback
                0x000000000000af86                D_ProcessEvents
                0x000000000000afb6                D_BindVariables
                0x000000000000b13a                D_PageTicker
                0x000000000000b14d                D_PageDrawer
                0x000000000000b16c                D_Display
                0x000000000000b4c5                D_DoomLoop
                0x000000000000b592                D_AdvanceDemo
                0x000000000000b59d                D_DoAdvanceDemo
                0x000000000000b742                D_StartTitle
                0x000000000000b761                D_IdentifyVersion
                0x000000000000b93d                D_SetGameDescription
                0x000000000000b9f3                PrintDehackedBanners
                0x000000000000b9f4                PrintGameVersion
                0x000000000000ba26                D_DoomMain
 .text          0x000000000000c415      0x17f build/d_mode.o
                0x000000000000c415                D_ValidGameMode
                0x000000000000c43e                D_ValidEpisodeMap
                0x000000000000c4b3                D_GetNumEpisodes
                0x000000000000c4e0                D_ValidGameVersion
                0x000000000000c514                D_IsEpisodeMap
                0x000000000000c52e                D_GameMissionString
 .text          0x000000000000c594      0x437 build/d_net.o
                0x000000000000c669                D_ConnectNetGame
                0x000000000000c774                D_CheckNetGame
 .text          0x000000000000c9cb      0xb8e build/f_finale.o
                0x000000000000c9cb                F_StartFinale
                0x000000000000cad2                F_TextWrite
                0x000000000000cbe6                F_StartCast
                0x000000000000cc6f                F_CastTicker
                0x000000000000d024                F_Ticker
                0x000000000000d0fc                F_CastResponder
                0x000000000000d191                F_Responder
                0x000000000000d1a2                F_CastPrint
                0x000000000000d24c                F_CastDrawer
                0x000000000000d2dd                F_DrawPatchCol
                0x000000000000d333                F_BunnyScroll
                0x000000000000d4d9                F_Drawer
 .text          0x000000000000d559      0x44d build/f_wipe.o
                0x000000000000d559                wipe_doColorXForm
                0x000000000000d5b7                wipe_exitColorXForm
                0x000000000000d5ba                wipe_doMelt
                0x000000000000d6ee                wipe_exitMelt
                0x000000000000d717                wipe_initColorXForm
                0x000000000000d730                wipe_shittyColMajorXform
                0x000000000000d7b1                wipe_initMelt
                0x000000000000d88b                wipe_StartScreen
                0x000000000000d8b0                wipe_EndScreen
                0x000000000000d905                wipe_ScreenWipe
 .text          0x000000000000d9a6     0x2449 build/g_game.o
                0x000000000000d9a6                G_CmdChecksum
                0x000000000000d9af                G_BuildTiccmd
                0x000000000000e053                G_DoLoadLevel
                0x000000000000e20c                G_Responder
                0x000000000000e503                G_PlayerFinishLevel
                0x000000000000e55b                G_PlayerReborn
                0x000000000000e61d                G_InitPlayer
                0x000000000000e622                G_CheckSpot
                0x000000000000e805                G_DeathMatchSpawnPlayer
                0x000000000000e89c                G_DoReborn
                0x000000000000e971                G_ScreenShot
                0x000000000000e97c                G_ExitLevel
                0x000000000000e991                G_SecretExitLevel
                0x000000000000e9d4                G_DoCompleted
                0x000000000000ec65                G_WorldDone
                0x000000000000eccd                G_DoWorldDone
                0x000000000000ed01                G_LoadGame
                0x000000000000ed22                G_SaveGame
                0x000000000000ed46                G_DoSaveGame
                0x000000000000ee9a                G_DeferedInitNew
                0x000000000000eeb7                G_InitNew
                0x000000000000f0e1                G_DoLoadGame
                0x000000000000f19d                G_DoNewGame
                0x000000000000f226                G_RecordDemo
                0x000000000000f2d4                G_VanillaVersionCode
                0x000000000000f315                G_BeginRecording
                0x000000000000f46f                G_DeferedPlayDemo
                0x000000000000f481                G_DoPlayDemo
                0x000000000000f6e5                G_TimeDemo
                0x000000000000f722                G_CheckDemoStatus
                0x000000000000f87e                G_ReadDemoTiccmd
                0x000000000000f908                G_WriteDemoTiccmd
                0x000000000000fa4f                G_Ticker
 .text          0x000000000000fdef      0x4bb build/hu_lib.o
                0x000000000000fdef                HUlib_init
                0x000000000000fdf0                HUlib_clearTextLine
                0x000000000000fe02                HUlib_initTextLine
                0x000000000000fe21                HUlib_addCharToTextLine
                0x000000000000fe4b                HUlib_delCharFromTextLine
                0x000000000000fe6e                HUlib_drawTextLine
                0x000000000000ff1e                HUlib_eraseTextLine
                0x000000000000ffc9                HUlib_initSText
                0x0000000000010035                HUlib_addLineToSText
                0x000000000001008f                HUlib_addMessageToSText
                0x00000000000100e5                HUlib_drawSText
                0x0000000000010129                HUlib_eraseSText
                0x000000000001017e                HUlib_initIText
                0x00000000000101b2                HUlib_delCharFromIText
                0x00000000000101c0                HUlib_eraseLineFromIText
                0x00000000000101d6                HUlib_resetIText
                0x00000000000101ef                HUlib_addPrefixToIText
                0x0000000000010212                HUlib_keyInIText
                0x0000000000010263                HUlib_drawIText
                0x0000000000010277                HUlib_eraseIText
 .text          0x00000000000102aa      0x7a2 build/hu_stuff.o
                0x00000000000102aa                HU_Init
                0x0000000000010334                HU_Stop
                0x000000000001033f                HU_Start
                0x0000000000010517                HU_Drawer
                0x000000000001054a                HU_Erase
                0x0000000000010570                HU_Ticker
                0x0000000000010738                HU_queueChatChar
                0x0000000000010775                HU_dequeueChatChar
                0x000000000001079e                HU_Responder
 .text          0x0000000000010a4c        0x1 build/i_endoom.o
                0x0000000000010a4c                I_Endoom
 .text          0x0000000000010a4d      0x10d build/i_joystick.o
                0x0000000000010a4d                I_ShutdownJoystick
                0x0000000000010a4e                I_InitJoystick
                0x0000000000010a4f                I_UpdateJoystick
                0x0000000000010a50                I_BindJoystickVariables
 .text          0x0000000000010b5a      0x23f build/i_sound.o
                0x0000000000010b5a                I_InitSound
                0x0000000000010bd9                I_ShutdownSound
                0x0000000000010c11                I_GetSfxLumpNum
                0x0000000000010c23                I_UpdateSound
                0x0000000000010c65                I_UpdateSoundParams
                0x0000000000010c9a                I_StartSound
                0x0000000000010cd8                I_StopSound
                0x0000000000010ce8                I_SoundIsPlaying
                0x0000000000010cfa                I_PrecacheSounds
                0x0000000000010d12                I_InitMusic
                0x0000000000010d13                I_ShutdownMusic
                0x0000000000010d14                I_SetMusicVolume
                0x0000000000010d24                I_PauseSong
                0x0000000000010d34                I_ResumeSong
                0x0000000000010d44                I_RegisterSong
                0x0000000000010d56                I_UnRegisterSong
                0x0000000000010d66                I_PlaySong
                0x0000000000010d76                I_StopSong
                0x0000000000010d86                I_MusicIsPlaying
                0x0000000000010d98                I_BindSoundVariables
 .text          0x0000000000010d99      0x59a build/i_system.o
                0x0000000000010d99                I_AtExit
                0x0000000000010dc7                I_Tactile
                0x0000000000010dc8                I_PrintBanner
                0x0000000000010e0d                I_PrintDivider
                0x0000000000010e2c                I_PrintStartupBanner
                0x0000000000010e5b                I_ConsoleStdout
                0x0000000000010e5e                I_Quit
                0x0000000000010e75                I_Error
                0x00000000000110d8                I_ZoneBase
                0x0000000000011158                I_GetMemoryValue
 .text          0x0000000000011333       0x58 build/i_timer.o
                0x0000000000011333                I_GetTicks
                0x000000000001133a                I_GetTime
                0x0000000000011365                I_GetTimeMS
                0x0000000000011384                I_Sleep
                0x0000000000011389                I_WaitVBL
                0x000000000001138a                I_InitTimer
 .text          0x000000000001138b       0x86 build/m_argv.o
                0x000000000001138b                M_CheckParmWithArgs
                0x00000000000113d6                M_CheckParm
                0x00000000000113da                M_ParmExists
                0x00000000000113ea                M_FindResponseFile
                0x00000000000113eb                M_GetExecutableName
 .text          0x0000000000011411       0x3d build/m_bbox.o
                0x0000000000011411                M_ClearBox
                0x000000000001142c                M_AddToBox
 .text          0x000000000001144e       0xa0 build/m_cheat.o
                0x000000000001144e                cht_CheckCheat
                0x00000000000114dd                cht_GetParam
 .text          0x00000000000114ee      0x3a7 build/m_config.o
                0x00000000000115dd                M_SetConfigFilenames
                0x00000000000115ec                M_SaveDefaults
                0x00000000000115ed                M_SaveDefaultsAlternate
                0x00000000000115ee                M_LoadDefaults
                0x00000000000116c4                M_BindVariable
                0x00000000000116da                M_SetVariable
                0x0000000000011783                M_GetIntVariable
                0x00000000000117a6                M_GetStrVariable
                0x00000000000117ca                M_GetFloatVariable
                0x00000000000117ee                M_SetConfigDir
                0x000000000001183f                M_GetSaveGameDir
 .text          0x0000000000011895      0x94e build/m_controls.o
                0x0000000000011895                M_BindBaseControls
                0x0000000000011a98                M_BindHereticControls
                0x0000000000011b45                M_BindHexenControls
                0x0000000000011c18                M_BindStrifeControls
                0x0000000000011d86                M_BindWeaponControls
                0x0000000000011e92                M_BindMapControls
                0x0000000000011f78                M_BindMenuControls
                0x0000000000012155                M_BindChatControls
                0x00000000000121e2                M_ApplyPlatformDefaults
 .text          0x00000000000121e3       0x4c build/m_fixed.o
                0x00000000000121e3                FixedMul
                0x00000000000121f5                FixedDiv
 .text          0x000000000001222f     0x1b61 build/m_menu.o
                0x000000000001222f                M_ChangeMessages
                0x0000000000012289                M_DrawReadThis2
                0x00000000000122b2                M_DrawMainMenu
                0x00000000000122d7                M_DrawNewGame
                0x000000000001231f                M_DrawEpisode
                0x0000000000012344                M_LoadSelect
                0x00000000000123ac                M_SaveSelect
                0x0000000000012414                M_DrawReadThis1
                0x00000000000124e8                M_SfxVol
                0x000000000001251f                M_MusicVol
                0x0000000000012556                M_ChangeDetail
                0x00000000000125ba                M_SizeDisplay
                0x000000000001260c                M_ChangeSensitivity
                0x0000000000012637                M_QuitResponse
                0x000000000001268b                M_QuickLoadResponse
                0x00000000000126ad                M_VerifyNightmare
                0x00000000000126db                M_EndGameResponse
                0x0000000000012705                M_ReadSaveStrings
                0x00000000000127db                M_DrawSaveLoadBorder
                0x000000000001285a                M_DoSave
                0x0000000000012891                M_QuickSaveResponse
                0x00000000000128b3                M_DrawThermo
                0x0000000000012973                M_DrawSound
                0x00000000000129db                M_DrawOptions
                0x0000000000012ab6                M_DrawEmptyCell
                0x0000000000012aec                M_DrawSelCell
                0x0000000000012b22                M_StartMessage
                0x0000000000012b57                M_QuickLoad
                0x0000000000012bd2                M_EndGame
                0x0000000000012c15                M_QuitDOOM
                0x0000000000012c84                M_ChooseSkill
                0x0000000000012cc1                M_StopMessage
                0x0000000000012cd8                M_StringWidth
                0x0000000000012d3a                M_StringHeight
                0x0000000000012d74                M_WriteText
                0x0000000000012deb                M_DrawLoad
                0x0000000000012e57                M_DrawSave
                0x0000000000012f0c                M_StartControlPanel
                0x0000000000012f3b                M_Drawer
                0x0000000000013165                M_ClearMenus
                0x0000000000013170                M_SetupNextMenu
                0x0000000000013182                M_LoadGame
                0x00000000000131ae                M_SaveGame
                0x00000000000131e4                M_QuickSave
                0x000000000001327d                M_Responder
                0x0000000000013bb9                M_Sound
                0x0000000000013bc5                M_NewGame
                0x0000000000013c0c                M_Episode
                0x0000000000013c65                M_Options
                0x0000000000013c71                M_ReadThis
                0x0000000000013c7d                M_FinishReadThis
                0x0000000000013c89                M_ReadThis2
                0x0000000000013cae                M_Ticker
                0x0000000000013cd5                M_Init
 .text          0x0000000000013d90      0x74d build/m_misc.o
                0x0000000000013d90                M_MakeDirectory
                0x0000000000013d9a                M_FileExists
                0x0000000000013dcb                M_FileLength
                0x0000000000013e09                M_WriteFile
                0x0000000000013e53                M_ReadFile
                0x0000000000013eea                M_StrToInt
                0x0000000000013f5f                M_ExtractFileBase
                0x0000000000013fdb                M_ForceUppercase
                0x0000000000014001                M_StrCaseStr
                0x0000000000014075                M_StringDuplicate
                0x00000000000140b0                M_StringCopy
                0x00000000000140ee                M_StringReplace
                0x00000000000141f1                M_StringConcat
                0x0000000000014215                M_StringStartsWith
                0x0000000000014256                M_StringEndsWith
                0x0000000000014298                M_StringJoin
                0x00000000000143d9                M_TempFile
                0x00000000000143f3                M_vsnprintf
                0x0000000000014431                M_snprintf
 .text          0x00000000000144dd       0x4f build/m_random.o
                0x00000000000144dd                P_Random
                0x00000000000144fa                M_Random
                0x0000000000014517                M_ClearRandom
 .text          0x000000000001452c      0x367 build/p_ceilng.o
                0x000000000001452c                P_AddActiveCeiling
                0x000000000001454d                P_RemoveActiveCeiling
                0x000000000001458c                T_MoveCeiling
                0x00000000000146dd                P_ActivateInStasisCeiling
                0x000000000001471d                EV_DoCeiling
                0x000000000001484e                EV_CeilingCrushStop
 .text          0x0000000000014893      0x6f2 build/p_doors.o
                0x0000000000014893                T_VerticalDoor
                0x0000000000014a4d                EV_DoDoor
                0x0000000000014bce                EV_DoLockedDoor
                0x0000000000014c91                EV_VerticalDoor
                0x0000000000014ebf                P_SpawnDoorCloseIn30
                0x0000000000014f14                P_SpawnDoorRaiseIn5Mins
 .text          0x0000000000014f85     0x1f54 build/p_enemy.o
                0x0000000000014f85                PIT_VileCheck
                0x000000000001501d                P_RecursiveSound
                0x00000000000150cd                P_NoiseAlert
                0x00000000000150e8                P_CheckMeleeRange
                0x000000000001513e                P_CheckMissileRange
                0x0000000000015245                P_Move
                0x0000000000015368                P_TryWalk
                0x000000000001538a                P_NewChaseDir
                0x00000000000155d6                P_LookForPlayers
                0x00000000000156e8                A_KeenDie
                0x0000000000015773                A_Look
                0x0000000000015836                A_Chase
                0x0000000000015a2d                A_FaceTarget
                0x0000000000015a83                A_PosAttack
                0x0000000000015b02                A_SPosAttack
                0x0000000000015b9a                A_CPosAttack
                0x0000000000015c19                A_CPosRefire
                0x0000000000015c62                A_SpidRefire
                0x0000000000015cab                A_BspiAttack
                0x0000000000015cd4                A_TroopAttack
                0x0000000000015d3b                A_SargAttack
                0x0000000000015d84                A_HeadAttack
                0x0000000000015dde                A_CyberAttack
                0x0000000000015e07                A_BruisAttack
                0x0000000000015e66                A_SkelMissile
                0x0000000000015eb8                A_Tracer
                0x000000000001601b                A_SkelWhoosh
                0x000000000001603d                A_SkelFist
                0x00000000000160a5                A_VileChase
                0x0000000000016214                A_VileStart
                0x000000000001621e                A_Fire
                0x00000000000162bf                A_StartFire
                0x00000000000162d6                A_FireCrackle
                0x00000000000162ed                A_VileTarget
                0x000000000001633f                A_VileAttack
                0x000000000001642f                A_FatRaise
                0x0000000000016446                A_FatAttack1
                0x00000000000164da                A_FatAttack2
                0x000000000001656e                A_FatAttack3
                0x0000000000016652                A_SkullAttack
                0x0000000000016703                A_PainShootSkull
                0x0000000000016812                A_PainAttack
                0x0000000000016832                A_PainDie
                0x000000000001686e                A_Scream
                0x00000000000168ce                A_XScream
                0x00000000000168d8                A_Pain
                0x00000000000168ec                A_Fall
                0x00000000000168f4                A_Explode
                0x0000000000016905                A_BossDeath
                0x0000000000016ae4                A_Hoof
                0x0000000000016afb                A_Metal
                0x0000000000016b12                A_BabyMetal
                0x0000000000016b29                A_OpenShotgun2
                0x0000000000016b36                A_LoadShotgun2
                0x0000000000016b43                A_CloseShotgun2
                0x0000000000016b67                A_BrainAwake
                0x0000000000016bd6                A_BrainPain
                0x0000000000016be2                A_BrainScream
                0x0000000000016c88                A_BrainExplode
                0x0000000000016d08                A_BrainDie
                0x0000000000016d0d                A_BrainSpit
                0x0000000000016d97                A_SpawnFly
                0x0000000000016e9f                A_SpawnSound
                0x0000000000016eb6                A_PlayerScream
 .text          0x0000000000016ed9      0x6cb build/p_floor.o
                0x0000000000016ed9                T_MovePlane
                0x0000000000017014                T_MoveFloor
                0x00000000000170a8                EV_DoFloor
                0x0000000000017403                EV_BuildStairs
 .text          0x00000000000175a4      0xdf1 build/p_inter.o
                0x00000000000175a4                P_GiveAmmo
                0x00000000000176d3                P_GiveWeapon
                0x00000000000177e7                P_GiveBody
                0x0000000000017810                P_GiveArmor
                0x0000000000017826                P_GiveCard
                0x0000000000017844                P_GivePower
                0x00000000000178bc                P_TouchSpecialThing
                0x0000000000017ec8                P_KillMobj
                0x0000000000018087                P_DamageMobj
 .text          0x0000000000018395      0x3b0 build/p_lights.o
                0x0000000000018395                T_StrobeFlash
                0x00000000000183c0                T_Glow
                0x000000000001840d                T_FireFlicker
                0x0000000000018447                T_LightFlash
                0x0000000000018484                P_SpawnFireFlicker
                0x00000000000184db                P_SpawnLightFlash
                0x0000000000018542                P_SpawnStrobeFlash
                0x00000000000185cf                EV_StartLightStrobing
                0x000000000001860f                EV_TurnTagLightsOff
                0x000000000001867d                EV_LightTurnOn
                0x00000000000186ed                P_SpawnGlowingLight
 .text          0x0000000000018745     0x14b2 build/p_map.o
                0x0000000000018745                PIT_CheckThing
                0x0000000000018909                PTR_SlideTraverse
                0x00000000000189bb                PTR_AimTraverse
                0x0000000000018b20                PTR_ShootTraverse
                0x0000000000018ddb                PIT_StompThing
                0x0000000000018e57                PIT_CheckLine
                0x0000000000019022                PTR_UseTraverse
                0x0000000000019087                PIT_RadiusAttack
                0x000000000001911a                P_TeleportMove
                0x0000000000019287                P_CheckPosition
                0x000000000001942e                P_TryMove
                0x0000000000019596                P_ThingHeightClip
                0x00000000000195ee                PIT_ChangeSector
                0x00000000000196c6                P_HitSlideLine
                0x00000000000197a8                P_SlideMove
                0x0000000000019999                P_AimLineAttack
                0x0000000000019a43                P_LineAttack
                0x0000000000019ac1                P_UseLines
                0x0000000000019b0c                P_RadiusAttack
                0x0000000000019ba0                P_ChangeSector
 .text          0x0000000000019bf7      0xacc build/p_maputl.o
                0x0000000000019c9a                P_AproxDistance
                0x0000000000019cbd                P_PointOnLineSide
                0x0000000000019d2a                P_BoxOnLineSide
                0x0000000000019df8                P_PointOnDivlineSide
                0x0000000000019e82                P_MakeDivline
                0x0000000000019e9c                P_InterceptVector
                0x0000000000019f0f                PIT_AddLineIntercepts
                0x000000000001a049                PIT_AddThingIntercepts
                0x000000000001a158                P_LineOpening
                0x000000000001a1b1                P_UnsetThingPosition
                0x000000000001a252                P_SetThingPosition
                0x000000000001a30a                P_BlockLinesIterator
                0x000000000001a387                P_BlockThingsIterator
                0x000000000001a3de                P_TraverseIntercepts
                0x000000000001a456                P_PathTraverse
 .text          0x000000000001a6c3     0x1076 build/p_mobj.o
                0x000000000001a6c3                P_SpawnMobj
                0x000000000001a7f9                P_RemoveMobj
                0x000000000001a88d                P_SetMobjState
                0x000000000001a904                P_ExplodeMissile
                0x000000000001a976                P_ZMovement
                0x000000000001aafc                P_XYMovement
                0x000000000001ad3c                P_NightmareRespawn
                0x000000000001ae4d                P_MobjThinker
                0x000000000001af05                P_RespawnSpecials
                0x000000000001b032                P_SpawnPlayer
                0x000000000001b187                P_SpawnMapThing
                0x000000000001b36e                P_SpawnPuff
                0x000000000001b3f6                P_SpawnBlood
                0x000000000001b48e                P_CheckMissileSpawn
                0x000000000001b4e9                P_SubstNullMobj
                0x000000000001b518                P_SpawnMissile
                0x000000000001b621                P_SpawnPlayerMissile
 .text          0x000000000001b739      0x42f build/p_plats.o
                0x000000000001b739                P_ActivateInStasis
                0x000000000001b773                EV_StopPlat
                0x000000000001b7b4                P_AddActivePlat
                0x000000000001b7e2                EV_DoPlat
                0x000000000001b9ec                P_RemoveActivePlat
                0x000000000001ba3a                T_PlatRaise
 .text          0x000000000001bb68      0xbfb build/p_pspr.o
                0x000000000001bb73                P_SetPsprite
                0x000000000001bc2e                P_CalcSwing
                0x000000000001bc7a                P_BringUpWeapon
                0x000000000001bcda                P_CheckAmmo
                0x000000000001be42                P_FireWeapon
                0x000000000001be86                P_DropWeapon
                0x000000000001be9f                A_WeaponReady
                0x000000000001bfaf                A_ReFire
                0x000000000001bfde                A_CheckReload
                0x000000000001bfe3                A_Lower
                0x000000000001c021                A_Raise
                0x000000000001c054                A_GunFlash
                0x000000000001c085                A_Punch
                0x000000000001c134                A_Saw
                0x000000000001c22f                A_FireMissile
                0x000000000001c259                A_FireBFG
                0x000000000001c283                A_FirePlasma
                0x000000000001c2d7                P_BulletSlope
                0x000000000001c33c                P_GunShot
                0x000000000001c3a1                A_FirePistol
                0x000000000001c410                A_FireShotgun
                0x000000000001c482                A_FireShotgun2
                0x000000000001c560                A_FireCGun
                0x000000000001c61c                A_Light0
                0x000000000001c627                A_Light1
                0x000000000001c632                A_Light2
                0x000000000001c63d                A_BFGSpray
                0x000000000001c6d7                A_BFGsound
                0x000000000001c6e4                P_SetupPsprites
                0x000000000001c708                P_MovePsprites
 .text          0x000000000001c763      0xe86 build/p_saveg.o
                0x000000000001c885                P_TempSaveGameFile
                0x000000000001c8bf                P_SaveGameFile
                0x000000000001c981                P_WriteSaveGameHeader
                0x000000000001c9db                P_ReadSaveGameHeader
                0x000000000001cae8                P_ReadSaveGameEOF
                0x000000000001caf8                P_WriteSaveGameEOF
                0x000000000001caf9                P_ArchivePlayers
                0x000000000001cb1e                P_UnArchivePlayers
                0x000000000001cdab                P_ArchiveWorld
                0x000000000001cdac                P_UnArchiveWorld
                0x000000000001ceb5                P_ArchiveThinkers
                0x000000000001cee7                P_UnArchiveThinkers
                0x000000000001d18f                P_ArchiveSpecials
                0x000000000001d216                P_UnArchiveSpecials
 .text          0x000000000001d5e9      0xdd2 build/p_setup.o
                0x000000000001d5e9                P_LoadVertexes
                0x000000000001d659                GetSectorAtNullAddress
                0x000000000001d6b3                P_LoadSegs
                0x000000000001d7f6                P_LoadSubsectors
                0x000000000001d882                P_LoadSectors
                0x000000000001d95d                P_LoadNodes
                0x000000000001da28                P_LoadThings
                0x000000000001dafd                P_LoadLineDefs
                0x000000000001dc90                P_LoadSideDefs
                0x000000000001dd72                P_LoadBlockMap
                0x000000000001de07                P_GroupLines
                0x000000000001e074                P_SetupLevel
                0x000000000001e3a3                P_Init
 .text          0x000000000001e3bb      0x454 build/p_sight.o
                0x000000000001e3bb                P_DivlineSide
                0x000000000001e423                P_InterceptVector2
                0x000000000001e496                P_CrossSubsector
                0x000000000001e69f                P_CrossBSPNode
                0x000000000001e741                P_CheckSight
 .text          0x000000000001e80f      0xd8e build/p_spec.o
                0x000000000001e80f                P_InitPicAnims
                0x000000000001e901                getSide
                0x000000000001e92f                getSector
                0x000000000001e961                twoSided
                0x000000000001e982                getNextSector
                0x000000000001e998                P_FindLowestFloorSurrounding
                0x000000000001e9cc                P_FindHighestFloorSurrounding
                0x000000000001ea03                P_FindNextHighestFloor
                0x000000000001eac0                P_FindLowestCeilingSurrounding
                0x000000000001eaf8                P_FindHighestCeilingSurrounding
                0x000000000001eb2d                P_FindSectorFromLineTag
                0x000000000001eb61                P_FindMinSurroundingLight
                0x000000000001eb97                P_CrossSpecialLine
                0x000000000001eee6                P_ShootSpecialLine
                0x000000000001ef51                P_PlayerInSpecialSector
                0x000000000001f036                P_UpdateSpecials
                0x000000000001f19e                EV_DoDonut
                0x000000000001f3da                P_SpawnSpecials
 .text          0x000000000001f59d      0x519 build/p_switch.o
                0x000000000001f59d                P_InitSwitchList
                0x000000000001f639                P_StartButton
                0x000000000001f6a6                P_ChangeSwitchTexture
                0x000000000001f7fd                P_UseSpecialLine
 .text          0x000000000001fab6      0x19b build/p_telept.o
                0x000000000001fab6                EV_Teleport
 .text          0x000000000001fc51      0x118 build/p_tick.o
                0x000000000001fc51                P_InitThinkers
                0x000000000001fc67                P_AddThinker
                0x000000000001fc88                P_RemoveThinker
                0x000000000001fc91                P_AllocateThinker
                0x000000000001fc92                P_RunThinkers
                0x000000000001fce1                P_Ticker
 .text          0x000000000001fd69      0x486 build/p_user.o
                0x000000000001fd69                P_Thrust
                0x000000000001fdae                P_CalcHeight
                0x000000000001feb0                P_MovePlayer
                0x000000000001ff39                P_DeathThink
                0x0000000000020001                P_PlayerThink
 .text          0x00000000000201ef      0x51b build/r_bsp.o
                0x00000000000201ef                R_ClearDrawSegs
                0x00000000000201fe                R_ClipSolidWallSegment
                0x00000000000202e7                R_ClipPassWallSegment
                0x0000000000020342                R_ClearClipSegs
                0x0000000000020372                R_AddLine
                0x0000000000020483                R_CheckBBox
                0x00000000000205a6                R_Subsector
                0x0000000000020680                R_RenderBSPNode
 .text          0x000000000002070a      0xdfa build/r_data.o
                0x000000000002070a                R_DrawColumnInCache
                0x0000000000020758                R_GenerateComposite
                0x000000000002086e                R_GenerateLookup
                0x0000000000020a1f                R_GetColumn
                0x0000000000020a8d                R_InitTextures
                0x0000000000020fea                R_InitFlats
                0x0000000000021050                R_InitSpriteLumps
                0x0000000000021148                R_InitColormaps
                0x000000000002116a                R_InitData
                0x000000000002119b                R_FlatNumForName
                0x0000000000021204                R_CheckTextureNumForName
                0x0000000000021258                R_TextureNumForName
                0x0000000000021280                R_PrecacheLevel
 .text          0x0000000000021504      0xb91 build/r_draw.o
                0x0000000000021504                R_DrawColumn
                0x00000000000215bc                R_DrawColumnLow
                0x0000000000021691                R_DrawFuzzColumn
                0x0000000000021775                R_DrawFuzzColumnLow
                0x0000000000021893                R_DrawTranslatedColumn
                0x0000000000021956                R_DrawTranslatedColumnLow
                0x0000000000021a54                R_InitTranslationTables
                0x0000000000021ae1                R_DrawSpan
                0x0000000000021bc2                R_DrawSpanLow
                0x0000000000021cd0                R_InitBuffer
                0x0000000000021d3e                R_FillBackScreen
                0x0000000000021fc3                R_VideoErase
                0x0000000000021fe8                R_DrawViewBorder
 .text          0x0000000000022095      0x96e build/r_main.o
                0x0000000000022095                R_AddPointToBox
                0x00000000000220b4                R_PointOnSide
                0x0000000000022136                R_PointOnSegSide
                0x00000000000221ba                R_PointToAngle
                0x00000000000222ae                R_PointToAngle2
                0x00000000000222c3                R_PointToDist
                0x000000000002232e                R_InitPointToAngle
                0x000000000002232f                R_ScaleFromGlobalAngle
                0x00000000000223b6                R_InitTables
                0x00000000000223b7                R_InitTextureMapping
                0x00000000000224db                R_InitLightTables
                0x0000000000022567                R_SetViewSize
                0x000000000002257e                R_ExecuteSetViewSize
                0x000000000002281a                R_Init
                0x000000000002289e                R_PointInSubsector
                0x00000000000228fb                R_SetupFrame
                0x00000000000229bc                R_RenderPlayerView
 .text          0x0000000000022a03      0x654 build/r_plane.o
                0x0000000000022a03                R_InitPlanes
                0x0000000000022a04                R_MapPlane
                0x0000000000022bab                R_ClearPlanes
                0x0000000000022c53                R_FindPlane
                0x0000000000022cf7                R_CheckPlane
                0x0000000000022d76                R_MakeSpans
                0x0000000000022e28                R_DrawPlanes
 .text          0x0000000000023057      0xdc7 build/r_segs.o
                0x0000000000023057                R_RenderMaskedSegRange
                0x0000000000023277                R_RenderSegLoop
                0x0000000000023581                R_StoreWallRange
 .text          0x0000000000023e1e        0xb build/r_sky.o
                0x0000000000023e1e                R_InitSkyMap
 .text          0x0000000000023e29      0xf56 build/r_things.o
                0x0000000000023e29                R_InstallSpriteLump
                0x0000000000023f7e                R_InitSpriteDefs
                0x00000000000241dc                R_InitSprites
                0x00000000000241fb                R_ClearSprites
                0x000000000002420a                R_NewVisSprite
                0x0000000000024231                R_DrawMaskedColumn
                0x00000000000242f8                R_DrawVisSprite
                0x0000000000024420                R_ProjectSprite
                0x00000000000246c6                R_AddSprites
                0x0000000000024730                R_DrawPSprite
                0x000000000002493f                R_DrawPlayerSprites
                0x00000000000249dd                R_SortVisSprites
                0x0000000000024aee                R_DrawSprite
                0x0000000000024cff                R_DrawMasked
 .text          0x0000000000024d7f     0x1415 build/sha1.o
                0x0000000000025f2e                SHA1_Init
                0x0000000000025f5a                SHA1_Update
                0x000000000002603c                SHA1_Final
                0x0000000000026135                SHA1_UpdateInt32
                0x0000000000026178                SHA1_UpdateString
 .text          0x0000000000026194       0x4b build/statdump.o
                0x0000000000026194                StatCopy
                0x00000000000261de                StatDump
 .text          0x00000000000261df      0x396 build/st_lib.o
                0x00000000000261df                STlib_init
                0x00000000000261fa                STlib_initNum
                0x000000000002621a                STlib_drawNum
                0x000000000002635d                STlib_updateNum
                0x000000000002636c                STlib_initPercent
                0x000000000002638f                STlib_updatePercent
                0x00000000000263bc                STlib_initMultIcon
                0x00000000000263d5                STlib_updateMultIcon
                0x00000000000264a3                STlib_initBinIcon
                0x00000000000264bc                STlib_updateBinIcon
 .text          0x0000000000026575     0x1453 build/st_stuff.o
                0x00000000000268ae                ST_refreshBackground
                0x000000000002691f                ST_Responder
                0x0000000000026e20                ST_calcPainOffset
                0x0000000000026e61                ST_updateFaceWidget
                0x0000000000027146                ST_updateWidgets
                0x0000000000027234                ST_Ticker
                0x000000000002725d                ST_doPaletteStuff
                0x0000000000027321                ST_drawWidgets
                0x0000000000027430                ST_doRefresh
                0x000000000002744b                ST_diffDraw
                0x0000000000027452                ST_Drawer
                0x0000000000027493                ST_loadGraphics
                0x000000000002749f                ST_loadData
                0x00000000000274b5                ST_unloadGraphics
                0x00000000000274c1                ST_unloadData
                0x00000000000274c3                ST_initData
                0x000000000002755b                ST_createWidgets
                0x0000000000027954                ST_Stop
                0x0000000000027983                ST_Start
                0x00000000000279a8                ST_Init
 .text          0x00000000000279c8      0x796 build/s_sound.o
                0x00000000000279c8                S_Shutdown
                0x0000000000027b23                S_StopSound
                0x0000000000027b52                S_StartSound
                0x0000000000027d3e                S_PauseSound
                0x0000000000027d64                S_ResumeSound
                0x0000000000027d8a                S_UpdateSounds
                0x0000000000027e79                S_SetMusicVolume
                0x0000000000027e99                S_SetSfxVolume
                0x0000000000027eb9                S_Init
                0x0000000000027f59                S_MusicPlaying
                0x0000000000027f5e                S_StopMusic
                0x0000000000027fb8                S_ChangeMusic
                0x00000000000280ac                S_Start
                0x0000000000028157                S_StartMusic
 .text          0x000000000002815e       0x29 build/tables.o
                0x000000000002815e                SlopeDiv
 .text          0x0000000000028187      0xbbc build/v_video.o
                0x0000000000028187                V_MarkRect
                0x00000000000281d6                V_CopyRect
                0x00000000000282b0                V_SetPatchClipCallback
                0x00000000000282b8                V_DrawPatch
                0x00000000000283bc                V_DrawPatchFlipped
                0x00000000000284b4                V_DrawPatchDirect
                0x00000000000284b9                V_DrawTLPatch
                0x000000000002858b                V_DrawXlaPatch
                0x000000000002864e                V_DrawAltTLPatch
                0x0000000000028720                V_DrawShadowedPatch
                0x000000000002881f                V_LoadTintTable
                0x000000000002883a                V_LoadXlaTable
                0x0000000000028855                V_DrawBlock
                0x00000000000288e2                V_DrawFilledBox
                0x000000000002891c                V_DrawHorizLine
                0x0000000000028941                V_DrawVertLine
                0x000000000002896d                V_DrawBox
                0x00000000000289a7                V_DrawRawScreen
                0x00000000000289b9                V_Init
                0x00000000000289ba                V_UseBuffer
                0x00000000000289c2                V_RestoreBuffer
                0x00000000000289d1                WritePCXfile
                0x0000000000028ade                V_ScreenShot
                0x0000000000028b87                V_DrawMouseSpeedBox
 .text          0x0000000000028d43     0x1d15 build/wi_stuff.o
                0x00000000000291a9                WI_slamBackground
                0x00000000000291b9                WI_Responder
                0x00000000000291bc                WI_drawLF
                0x000000000002929c                WI_drawEL
                0x000000000002930a                WI_drawOnLnode
                0x00000000000293d4                WI_initAnimatedBack
                0x0000000000029484                WI_updateAnimatedBack
                0x0000000000029570                WI_drawAnimatedBack
                0x00000000000295d2                WI_drawNum
                0x00000000000296a9                WI_drawPercent
                0x00000000000296d8                WI_drawTime
                0x0000000000029778                WI_initNoState
                0x0000000000029797                WI_updateNoState
                0x00000000000297ad                WI_initShowNextLoc
                0x00000000000297d0                WI_updateShowNextLoc
                0x0000000000029806                WI_drawShowNextLoc
                0x00000000000298bc                WI_drawNoState
                0x00000000000298cb                WI_fragSum
                0x0000000000029901                WI_initDeathmatchStats
                0x000000000002997a                WI_updateDeathmatchStats
                0x0000000000029b8e                WI_drawDeathmatchStats
                0x0000000000029d7a                WI_initNetgameStats
                0x0000000000029e2c                WI_updateNetgameStats
                0x000000000002a198                WI_drawNetgameStats
                0x000000000002a3de                WI_initStats
                0x000000000002a43d                WI_updateStats
                0x000000000002a6c9                WI_drawStats
                0x000000000002a7d8                WI_checkForAccelerate
                0x000000000002a872                WI_Ticker
                0x000000000002a8ee                WI_loadData
                0x000000000002a966                WI_unloadData
                0x000000000002a972                WI_End
                0x000000000002a974                WI_Drawer
                0x000000000002a9b3                WI_initVariables
                0x000000000002aa29                WI_Start
 .text          0x000000000002aa58      0x13c build/w_checksum.o
                0x000000000002aa58                W_Checksum
 .text          0x000000000002ab94       0x29 build/w_file.o
                0x000000000002ab94                W_OpenFile
                0x000000000002abb1                W_CloseFile
                0x000000000002abb7                W_Read
 .text          0x000000000002abbd       0x7d build/w_main.o
                0x000000000002abbd                W_ParseCommandLine
 .text          0x000000000002ac3a      0x657 build/w_wad.o
                0x000000000002ac3a                W_LumpNameHash
                0x000000000002ac70                W_AddFile
                0x000000000002af04                W_NumLumps
                0x000000000002af0b                W_CheckNumForName
                0x000000000002afa1                W_GetNumForName
                0x000000000002afc9                W_LumpLength
                0x000000000002aff4                W_ReadLump
                0x000000000002b05e                W_CacheLumpNum
                0x000000000002b0fd                W_CacheLumpName
                0x000000000002b119                W_ReleaseLumpNum
                0x000000000002b168                W_ReleaseLumpName
                0x000000000002b173                W_GenerateHashTable
                0x000000000002b200                W_CheckCorrectIWAD
 .text          0x000000000002b291      0x5c1 build/z_zone.o
                0x000000000002b291                Z_ClearZone
                0x000000000002b2c8                Z_Init
                0x000000000002b341                Z_Free
                0x000000000002b3ee                Z_Malloc
                0x000000000002b510                Z_FreeTags
                0x000000000002b560                Z_DumpHeap
                0x000000000002b649                Z_FileDumpHeap
                0x000000000002b718                Z_CheckHeap
                0x000000000002b796                Z_ChangeTag2
                0x000000000002b7f0                Z_ChangeUser
                0x000000000002b81c                Z_FreeMemory
                0x000000000002b848                Z_ZoneSize
 .text          0x000000000002b852       0x9f build/w_file_stdc.o
                0x000000000002b852                W_StdC_Read
 .text          0x000000000002b8f1       0xdb build/i_input.o
                0x000000000002b8f1                I_GetEvent
                0x000000000002b9cb                I_InitInput
 .text          0x000000000002b9cc      0x44e build/i_video.o
                0x000000000002b9cc                cmap_to_rgb565
                0x000000000002ba2d                cmap_to_fb
                0x000000000002baf8                I_InitGraphics
                0x000000000002bc96                I_ShutdownGraphics
                0x000000000002bca2                I_StartFrame
                0x000000000002bca3                I_StartTic
                0x000000000002bca8                I_UpdateNoBlit
                0x000000000002bca9                I_FinishUpdate
                0x000000000002bd52                I_ReadScreen
                0x000000000002bd61                I_SetPalette
                0x000000000002bdc2                I_GetPaletteIndex
                0x000000000002be0d                I_BeginRead
                0x000000000002be0e                I_EndRead
                0x000000000002be0f                I_SetWindowTitle
                0x000000000002be14                I_GraphicsCheckCommandLine
                0x000000000002be15                I_SetGrabMouseCallback
                0x000000000002be16                I_EnableLoadingDisk
                0x000000000002be17                I_BindVideoVariables
                0x000000000002be18                I_DisplayFPSDots
                0x000000000002be19                I_CheckIsScreensaver
 .text          0x000000000002be1a       0x33 build/doomgeneric.o
                0x000000000002be1a                dg_Create
 .text          0x000000000002be4d      0x4a1 build/doomgeneric_xlib.o
                0x000000000002bed6                DG_Init
                0x000000000002c057                DG_DrawFrame
                0x000000000002c212                DG_SleepMs
                0x000000000002c21d                DG_GetTicksMs
                0x000000000002c271                DG_GetKey
                0x000000000002c2a6                DG_SetWindowTitle
 *fill*         0x000000000002c2ee        0x2 
 .text          0x000000000002c2f0       0x72 /usr/lib/x86_64-linux-gnu/libc_nonshared.a(elf-init.oS)
                0x000000000002c2f0                __libc_csu_init
                0x000000000002c360                __libc_csu_fini
 *(.gnu.warning)

.fini           0x000000000002c364        0x9
 *(SORT_NONE(.fini))
 .fini          0x000000000002c364        0x4 /usr/lib/gcc/x86_64-linux-gnu/8/../../../x86_64-linux-gnu/crti.o
                0x000000000002c364                _fini
 .fini          0x000000000002c368        0x5 /usr/lib/gcc/x86_64-linux-gnu/8/../../../x86_64-linux-gnu/crtn.o
                [!provide]                        PROVIDE (__etext = .)
                [!provide]                        PROVIDE (_etext = .)
                [!provide]                        PROVIDE (etext = .)

.rodata         0x000000000002c380    0x1835b
 *(.rodata .rodata.* .gnu.linkonce.r.*)
 .rodata.str1.1
                0x000000000002c380       0x15 build/i_main.o
 .rodata.str1.1
                0x000000000002c395       0x67 build/am_map.o
 *fill*         0x000000000002c3fc        0x4 
 .rodata        0x000000000002c400       0x40 build/am_map.o
 .rodata.str1.1
                0x000000000002c440      0x328 build/dstrings.o
 .rodata.str1.1
                0x000000000002c768      0x1b6 build/d_iwad.o
                                        0x1d3 (size before relaxing)
 .rodata.str1.1
                0x000000000002c91e       0x6e build/d_loop.o
 .rodata.str1.1
                0x000000000002c98c      0x947 build/d_main.o
                                        0x995 (size before relaxing)
 *fill*         0x000000000002d2d3        0xd 
 .rodata        0x000000000002d2e0       0xd8 build/d_main.o
 .rodata.str1.1
                0x000000000002d3b8       0x1a build/d_mode.o
                                         0x3c (size before relaxing)
 *fill*         0x000000000002d3d2        0xe 
 .rodata        0x000000000002d3e0      0x170 build/d_mode.o
 .rodata.str1.1
                0x000000000002d550      0x155 build/d_net.o
                                        0x16d (size before relaxing)
 .rodata.str1.1
                0x000000000002d6a5     0x1ef5 build/f_finale.o
                                       0x1f08 (size before relaxing)
 .rodata.str1.1
                0x000000000002f59a      0x348 build/g_game.o
                                        0x369 (size before relaxing)
 *fill*         0x000000000002f8e2       0x1e 
 .rodata        0x000000000002f900       0x88 build/g_game.o
 .rodata.cst4   0x000000000002f988        0x4 build/g_game.o
 .rodata.str1.1
                0x000000000002f98c      0xc0f build/hu_stuff.o
 .rodata.str1.1
                0x000000000003059b      0x2a3 build/info.o
                                        0x2b2 (size before relaxing)
 .rodata.str1.1
                0x000000000003083e       0xa7 build/i_joystick.o
 .rodata.str1.1
                0x00000000000308e5       0x19 build/i_sound.o
                                         0x1a (size before relaxing)
 .rodata.str1.1
                0x00000000000308fe      0x211 build/i_system.o
 *fill*         0x0000000000030b0f        0x1 
 .rodata        0x0000000000030b10       0x2a build/i_system.o
 .rodata.str1.1
                0x0000000000030b3a      0xaf3 build/m_config.o
                                        0xc1c (size before relaxing)
 *fill*         0x000000000003162d       0x13 
 .rodata        0x0000000000031640      0x220 build/m_config.o
 .rodata.str1.1
                0x0000000000031860       0x16 build/m_controls.o
                                        0x630 (size before relaxing)
 .rodata.str1.1
                0x0000000000031876      0x3f7 build/m_menu.o
                                        0x40f (size before relaxing)
 .rodata.str1.1
                0x0000000000031c6d       0xde build/m_misc.o
                                         0xec (size before relaxing)
 *fill*         0x0000000000031d4b       0x15 
 .rodata        0x0000000000031d60      0x100 build/m_random.o
 .rodata        0x0000000000031e60       0x30 build/p_ceilng.o
 .rodata        0x0000000000031e90       0x40 build/p_doors.o
 .rodata.str1.1
                0x0000000000031ed0      0x137 build/p_doors.o
 .rodata.str1.1
                0x0000000000032007       0x3b build/p_enemy.o
 *fill*         0x0000000000032042        0x2 
 .rodata        0x0000000000032044       0x34 build/p_floor.o
 .rodata.str1.1
                0x0000000000032078      0x3d7 build/p_inter.o
 *fill*         0x000000000003244f        0x1 
 .rodata        0x0000000000032450       0x9c build/p_inter.o
 .rodata.str1.1
                0x00000000000324ec       0x72 build/p_map.o
 .rodata.str1.1
                0x000000000003255e       0x2d build/p_mobj.o
 .rodata.str1.1
                0x000000000003258b       0x45 build/p_plats.o
 .rodata        0x00000000000325d0       0x14 build/p_plats.o
 .rodata.str1.1
                0x00000000000325e4       0x96 build/p_saveg.o
                                         0xb4 (size before relaxing)
 *fill*         0x000000000003267a        0x2 
 .rodata        0x000000000003267c       0x20 build/p_saveg.o
 .rodata.str1.1
                0x000000000003269c       0x5a build/p_setup.o
 .rodata.str1.1
                0x00000000000326f6       0x28 build/p_sight.o
 .rodata.str1.1
                0x000000000003271e      0x242 build/p_spec.o
 .rodata        0x0000000000032960      0x2a8 build/p_spec.o
 .rodata.str1.1
                0x0000000000032c08       0x25 build/p_switch.o
 *fill*         0x0000000000032c2d        0x3 
 .rodata        0x0000000000032c30      0x230 build/p_switch.o
 .rodata.str1.1
                0x0000000000032e60       0x23 build/r_bsp.o
 .rodata.str1.1
                0x0000000000032e83      0x120 build/r_data.o
                                        0x12e (size before relaxing)
 .rodata.str1.1
                0x0000000000032fa3       0xa6 build/r_draw.o
 .rodata.str1.1
                0x0000000000033049       0xa6 build/r_plane.o
 .rodata.str1.1
                0x00000000000330ef       0x20 build/r_segs.o
 .rodata.str1.1
                0x000000000003310f      0x1d2 build/r_things.o
 .rodata.str1.1
                0x00000000000332e1      0x186 build/sounds.o
                                        0x191 (size before relaxing)
 .rodata.str1.1
                0x0000000000033467        0xa build/statdump.o
 .rodata.str1.1
                0x0000000000033467       0x5b build/st_lib.o
 .rodata.str1.1
                0x00000000000334c2      0x1b1 build/st_stuff.o
                                        0x1b9 (size before relaxing)
 .rodata.str1.1
                0x0000000000033673       0x69 build/s_sound.o
 *fill*         0x00000000000336dc        0x4 
 .rodata        0x00000000000336e0       0x24 build/s_sound.o
 *fill*         0x0000000000033704       0x1c 
 .rodata        0x0000000000033720    0x10520 build/tables.o
                0x0000000000033720                gammatable
                0x0000000000033c20                tantoangle
                0x0000000000035c40                finesine
                0x000000000003fc40                finetangent
 .rodata.str1.1
                0x0000000000043c40      0x100 build/v_video.o
                                        0x108 (size before relaxing)
 .rodata.cst4   0x0000000000043d40        0x4 build/v_video.o
 *fill*         0x0000000000043d44        0xc 
 .rodata.cst16  0x0000000000043d50       0x10 build/v_video.o
 .rodata.cst8   0x0000000000043d60        0x8 build/v_video.o
 .rodata.str1.1
                0x0000000000043d68       0xf9 build/wi_stuff.o
                                        0x10b (size before relaxing)
 *fill*         0x0000000000043e61       0x1f 
 .rodata        0x0000000000043e80      0x160 build/wi_stuff.o
 .rodata.str1.1
                0x0000000000043fe0        0x6 build/w_file.o
 .rodata.str1.1
                0x0000000000043fe6        0x6 build/w_main.o
                                         0x12 (size before relaxing)
 .rodata.str1.1
                0x0000000000043fec      0x1d2 build/w_wad.o
                                        0x1d6 (size before relaxing)
 .rodata.str1.1
                0x00000000000441be      0x323 build/z_zone.o
 .rodata.str1.1
                0x00000000000444e1        0x3 build/w_file_stdc.o
 *fill*         0x00000000000444e1       0x1f 
 .rodata        0x0000000000044500       0x80 build/i_input.o
 .rodata.str1.1
                0x0000000000044580      0x15b build/i_video.o

.rodata1
 *(.rodata1)

.eh_frame_hdr   0x00000000000446dc     0x1a74
 *(.eh_frame_hdr)
 .eh_frame_hdr  0x00000000000446dc     0x1a74 /usr/lib/gcc/x86_64-linux-gnu/8/../../../x86_64-linux-gnu/Scrt1.o
                0x00000000000446dc                __GNU_EH_FRAME_HDR
 *(.eh_frame_entry .eh_frame_entry.*)

.eh_frame       0x0000000000046150     0x7bf0
 *(.eh_frame)
 .eh_frame      0x0000000000046150       0x30 /usr/lib/gcc/x86_64-linux-gnu/8/../../../x86_64-linux-gnu/Scrt1.o
                                         0x2c (size before relaxing)
 *fill*         0x0000000000046180        0x0 
 .eh_frame      0x0000000000046180       0x40 /usr/lib/gcc/x86_64-linux-gnu/8/../../../x86_64-linux-gnu/Scrt1.o
 .eh_frame      0x00000000000461c0       0x18 /usr/lib/gcc/x86_64-linux-gnu/8/../../../x86_64-linux-gnu/Scrt1.o
                                         0x30 (size before relaxing)
 .eh_frame      0x00000000000461d8       0x18 build/i_main.o
                                         0x30 (size before relaxing)
 .eh_frame      0x00000000000461f0       0x18 build/dummy.o
                                         0x30 (size before relaxing)
 .eh_frame      0x0000000000046208      0x4f0 build/am_map.o
                                        0x508 (size before relaxing)
 .eh_frame      0x00000000000466f8       0x28 build/d_event.o
                                         0x40 (size before relaxing)
 .eh_frame      0x0000000000046720      0x170 build/d_iwad.o
                                        0x188 (size before relaxing)
 .eh_frame      0x0000000000046890      0x170 build/d_loop.o
                                        0x188 (size before relaxing)
 .eh_frame      0x0000000000046a00      0x210 build/d_main.o
                                        0x228 (size before relaxing)
 .eh_frame      0x0000000000046c10       0x80 build/d_mode.o
                                         0x98 (size before relaxing)
 .eh_frame      0x0000000000046c90       0x78 build/d_net.o
                                         0x90 (size before relaxing)
 .eh_frame      0x0000000000046d08      0x1c8 build/f_finale.o
                                        0x1e0 (size before relaxing)
 .eh_frame      0x0000000000046ed0      0x180 build/f_wipe.o
                                        0x198 (size before relaxing)
 .eh_frame      0x0000000000047050      0x558 build/g_game.o
                                        0x570 (size before relaxing)
 .eh_frame      0x00000000000475a8      0x228 build/hu_lib.o
                                        0x240 (size before relaxing)
 .eh_frame      0x00000000000477d0      0x158 build/hu_stuff.o
                                        0x170 (size before relaxing)
 .eh_frame      0x0000000000047928        0x0 build/i_cdmus.o
                                         0xd0 (size before relaxing)
 .eh_frame      0x0000000000047928       0x18 build/i_endoom.o
                                         0x30 (size before relaxing)
 .eh_frame      0x0000000000047940       0x70 build/i_joystick.o
                                         0x88 (size before relaxing)
 .eh_frame      0x00000000000479b0        0x0 build/i_scale.o
                                        0x498 (size before relaxing)
 .eh_frame      0x00000000000479b0      0x1c0 build/i_sound.o
                                        0x1d8 (size before relaxing)
 .eh_frame      0x0000000000047b70      0x178 build/i_system.o
                                        0x190 (size before relaxing)
 .eh_frame      0x0000000000047ce8       0x80 build/i_timer.o
                                         0x98 (size before relaxing)
 .eh_frame      0x0000000000047d68        0x0 build/memio.o
                                        0x110 (size before relaxing)
 .eh_frame      0x0000000000047d68       0x98 build/m_argv.o
                                         0xb0 (size before relaxing)
 .eh_frame      0x0000000000047e00       0x28 build/m_bbox.o
                                         0x40 (size before relaxing)
 .eh_frame      0x0000000000047e28       0x28 build/m_cheat.o
                                         0x40 (size before relaxing)
 .eh_frame      0x0000000000047e50      0x198 build/m_config.o
                                        0x1b0 (size before relaxing)
 .eh_frame      0x0000000000047fe8      0x108 build/m_controls.o
                                        0x120 (size before relaxing)
 .eh_frame      0x00000000000480f0       0x28 build/m_fixed.o
                                         0x40 (size before relaxing)
 .eh_frame      0x0000000000048118      0x640 build/m_menu.o
                                        0x658 (size before relaxing)
 .eh_frame      0x0000000000048758      0x300 build/m_misc.o
                                        0x318 (size before relaxing)
 .eh_frame      0x0000000000048a58       0x40 build/m_random.o
                                         0x58 (size before relaxing)
 .eh_frame      0x0000000000048a98       0xe8 build/p_ceilng.o
                                        0x100 (size before relaxing)
 .eh_frame      0x0000000000048b80      0x128 build/p_doors.o
                                        0x140 (size before relaxing)
 .eh_frame      0x0000000000048ca8      0x9c0 build/p_enemy.o
                                        0x9d8 (size before relaxing)
 .eh_frame      0x0000000000049668      0x108 build/p_floor.o
                                        0x120 (size before relaxing)
 .eh_frame      0x0000000000049770      0x1b0 build/p_inter.o
                                        0x1c8 (size before relaxing)
 .eh_frame      0x0000000000049920      0x1b0 build/p_lights.o
                                        0x1c8 (size before relaxing)
 .eh_frame      0x0000000000049ad0      0x3f8 build/p_map.o
                                        0x410 (size before relaxing)
 .eh_frame      0x0000000000049ec8      0x2d8 build/p_maputl.o
                                        0x2f0 (size before relaxing)
 .eh_frame      0x000000000004a1a0      0x390 build/p_mobj.o
                                        0x3a8 (size before relaxing)
 .eh_frame      0x000000000004a530      0x100 build/p_plats.o
                                        0x118 (size before relaxing)
 .eh_frame      0x000000000004a630      0x438 build/p_pspr.o
                                        0x450 (size before relaxing)
 .eh_frame      0x000000000004aa68      0x2d8 build/p_saveg.o
                                        0x2f0 (size before relaxing)
 .eh_frame      0x000000000004ad40      0x260 build/p_setup.o
                                        0x278 (size before relaxing)
 .eh_frame      0x000000000004afa0       0xf8 build/p_sight.o
                                        0x110 (size before relaxing)
 .eh_frame      0x000000000004b098      0x2a0 build/p_spec.o
                                        0x2b8 (size before relaxing)
 .eh_frame      0x000000000004b338       0xc0 build/p_switch.o
                                         0xd8 (size before relaxing)
 .eh_frame      0x000000000004b3f8       0x40 build/p_telept.o
                                         0x58 (size before relaxing)
 .eh_frame      0x000000000004b438       0xa8 build/p_tick.o
                                         0xc0 (size before relaxing)
 .eh_frame      0x000000000004b4e0       0xb0 build/p_user.o
                                         0xc8 (size before relaxing)
 .eh_frame      0x000000000004b590      0x158 build/r_bsp.o
                                        0x170 (size before relaxing)
 .eh_frame      0x000000000004b6e8      0x258 build/r_data.o
                                        0x270 (size before relaxing)
 .eh_frame      0x000000000004b940      0x188 build/r_draw.o
                                        0x1a0 (size before relaxing)
 .eh_frame      0x000000000004bac8      0x238 build/r_main.o
                                        0x250 (size before relaxing)
 .eh_frame      0x000000000004bd00      0x150 build/r_plane.o
                                        0x168 (size before relaxing)
 .eh_frame      0x000000000004be50       0xd8 build/r_segs.o
                                         0xf0 (size before relaxing)
 .eh_frame      0x000000000004bf28       0x18 build/r_sky.o
                                         0x30 (size before relaxing)
 .eh_frame      0x000000000004bf40      0x2a0 build/r_things.o
                                        0x2b8 (size before relaxing)
 .eh_frame      0x000000000004c1e0      0x100 build/sha1.o
                                        0x118 (size before relaxing)
 .eh_frame      0x000000000004c2e0       0x30 build/statdump.o
                                         0x48 (size before relaxing)
 .eh_frame      0x000000000004c310      0x1c0 build/st_lib.o
                                        0x1d8 (size before relaxing)
 .eh_frame      0x000000000004c4d0      0x2e0 build/st_stuff.o
                                        0x2f8 (size before relaxing)
 .eh_frame      0x000000000004c7b0      0x228 build/s_sound.o
                                        0x240 (size before relaxing)
 .eh_frame      0x000000000004c9d8       0x18 build/tables.o
                                         0x30 (size before relaxing)
 .eh_frame      0x000000000004c9f0      0x3d0 build/v_video.o
                                        0x3e8 (size before relaxing)
 .eh_frame      0x000000000004cdc0      0x668 build/wi_stuff.o
                                        0x680 (size before relaxing)
 .eh_frame      0x000000000004d428       0x50 build/w_checksum.o
                                         0x68 (size before relaxing)
 .eh_frame      0x000000000004d478       0x48 build/w_file.o
                                         0x60 (size before relaxing)
 .eh_frame      0x000000000004d4c0       0x38 build/w_main.o
                                         0x50 (size before relaxing)
 .eh_frame      0x000000000004d4f8      0x230 build/w_wad.o
                                        0x248 (size before relaxing)
 .eh_frame      0x000000000004d728      0x1e8 build/z_zone.o
                                        0x200 (size before relaxing)
 .eh_frame      0x000000000004d910       0x70 build/w_file_stdc.o
                                         0x88 (size before relaxing)
 .eh_frame      0x000000000004d980       0x38 build/i_input.o
                                         0x50 (size before relaxing)
 .eh_frame      0x000000000004d9b8      0x208 build/i_video.o
                                        0x220 (size before relaxing)
 .eh_frame      0x000000000004dbc0       0x18 build/doomgeneric.o
                                         0x30 (size before relaxing)
 .eh_frame      0x000000000004dbd8      0x108 build/doomgeneric_xlib.o
                                        0x120 (size before relaxing)
 .eh_frame      0x000000000004dce0       0x5c /usr/lib/x86_64-linux-gnu/libc_nonshared.a(elf-init.oS)
                                         0x78 (size before relaxing)
 .eh_frame      0x000000000004dd3c        0x4 /usr/lib/gcc/x86_64-linux-gnu/8/crtendS.o
 *(.eh_frame.*)

.gcc_except_table
 *(.gcc_except_table .gcc_except_table.*)

.gnu_extab
 *(.gnu_extab*)

.exception_ranges
 *(.exception_ranges .exception_ranges*)
                0x000000000024e5d0                . = DATA_SEGMENT_ALIGN (CONSTANT (MAXPAGESIZE), CONSTANT (COMMONPAGESIZE))

.eh_frame
 *(.eh_frame)
 *(.eh_frame.*)

.gnu_extab
 *(.gnu_extab)

.gcc_except_table
 *(.gcc_except_table .gcc_except_table.*)

.exception_ranges
 *(.exception_ranges .exception_ranges*)

.tdata
 *(.tdata .tdata.* .gnu.linkonce.td.*)

.tbss
 *(.tbss .tbss.* .gnu.linkonce.tb.*)
 *(.tcommon)

.preinit_array  0x000000000024e5d0        0x0
                [!provide]                        PROVIDE (__preinit_array_start = .)
 *(.preinit_array)
                [!provide]                        PROVIDE (__preinit_array_end = .)

.init_array     0x000000000024e5d0        0x8
                0x000000000024e5d0                PROVIDE (__init_array_start = .)
 *(SORT_BY_INIT_PRIORITY(.init_array.*) SORT_BY_INIT_PRIORITY(.ctors.*))
 *(.init_array EXCLUDE_FILE(*crtend?.o *crtend.o *crtbegin?.o *crtbegin.o) .ctors)
 .init_array    0x000000000024e5d0        0x8 /usr/lib/gcc/x86_64-linux-gnu/8/crtbeginS.o
                0x000000000024e5d8                PROVIDE (__init_array_end = .)

.fini_array     0x000000000024e5d8        0x8
                [!provide]                        PROVIDE (__fini_array_start = .)
 *(SORT_BY_INIT_PRIORITY(.fini_array.*) SORT_BY_INIT_PRIORITY(.dtors.*))
 *(.fini_array EXCLUDE_FILE(*crtend?.o *crtend.o *crtbegin?.o *crtbegin.o) .dtors)
 .fini_array    0x000000000024e5d8        0x8 /usr/lib/gcc/x86_64-linux-gnu/8/crtbeginS.o
                [!provide]                        PROVIDE (__fini_array_end = .)

.ctors
 *crtbegin.o(.ctors)
 *crtbegin?.o(.ctors)
 *(EXCLUDE_FILE(*crtend?.o *crtend.o) .ctors)
 *(SORT_BY_NAME(.ctors.*))
 *(.ctors)

.dtors
 *crtbegin.o(.dtors)
 *crtbegin?.o(.dtors)
 *(EXCLUDE_FILE(*crtend?.o *crtend.o) .dtors)
 *(SORT_BY_NAME(.dtors.*))
 *(.dtors)

.jcr
 *(.jcr)

.data.rel.ro    0x000000000024e5e0      0x5c8
 *(.data.rel.ro.local* .gnu.linkonce.d.rel.ro.local.*)
 .data.rel.ro.local
                0x000000000024e5e0      0x150 build/d_iwad.o
 *fill*         0x000000000024e730       0x10 
 .data.rel.ro.local
                0x000000000024e740      0x130 build/d_main.o
 *fill*         0x000000000024e870       0x10 
 .data.rel.ro.local
                0x000000000024e880       0x30 build/f_wipe.o
 .data.rel.ro.local
                0x000000000024e8b0       0x20 build/m_menu.o
 *fill*         0x000000000024e8d0       0x10 
 .data.rel.ro.local
                0x000000000024e8e0       0x20 build/wi_stuff.o
 .data.rel.ro.local
                0x000000000024e900       0x40 build/w_wad.o
 *(.data.rel.ro .data.rel.ro.* .gnu.linkonce.d.rel.ro.*)
 .data.rel.ro   0x000000000024e940        0x0 /usr/lib/gcc/x86_64-linux-gnu/8/../../../x86_64-linux-gnu/Scrt1.o
 .data.rel.ro   0x000000000024e940       0x40 build/g_game.o
 .data.rel.ro   0x000000000024e980      0x228 build/p_maputl.o

.dynamic        0x000000000024eba8      0x200
 *(.dynamic)
 .dynamic       0x000000000024eba8      0x200 /usr/lib/gcc/x86_64-linux-gnu/8/../../../x86_64-linux-gnu/Scrt1.o
                0x000000000024eba8                _DYNAMIC

.got            0x000000000024eda8      0x248
 *(.got.plt)
 .got.plt       0x000000000024eda8      0x1e8 /usr/lib/gcc/x86_64-linux-gnu/8/../../../x86_64-linux-gnu/Scrt1.o
                0x000000000024eda8                _GLOBAL_OFFSET_TABLE_
 *(.igot.plt)
 *(.got)
 .got           0x000000000024ef90       0x60 /usr/lib/gcc/x86_64-linux-gnu/8/../../../x86_64-linux-gnu/Scrt1.o
 *(.igot)
                0x000000000024f000                . = DATA_SEGMENT_RELRO_END (., 0x0)

.data           0x000000000024f000    0x137a0
 *(.data .data.* .gnu.linkonce.d.*)
 .data.rel.local
                0x000000000024f000        0x8 /usr/lib/gcc/x86_64-linux-gnu/8/crtbeginS.o
                0x000000000024f000                __dso_handle
 *fill*         0x000000000024f008       0x18 
 .data          0x000000000024f020      0x2b0 build/am_map.o
                0x000000000024f080                cheat_amap
                0x000000000024f0e0                thintriangle_guy
                0x000000000024f120                triangle_guy
                0x000000000024f160                cheat_player_arrow
                0x000000000024f260                player_arrow
 .data          0x000000000024f2d0        0x8 build/doomstat.o
                0x000000000024f2d0                gameversion
                0x000000000024f2d4                gamemode
 *fill*         0x000000000024f2d8        0x8 
 .data.rel.local
                0x000000000024f2e0       0x80 build/dstrings.o
                0x000000000024f2e0                doom2_endmsg
                0x000000000024f320                doom1_endmsg
 .data          0x000000000024f360       0xd8 build/d_items.o
                0x000000000024f360                weaponinfo
 .data          0x000000000024f438        0x4 build/d_loop.o
 .data          0x000000000024f43c        0xc build/d_main.o
                0x000000000024f440                wipegamestate
                0x000000000024f444                show_endoom
 *fill*         0x000000000024f448       0x18 
 .data.rel      0x000000000024f460       0x20 build/d_net.o
 .data.rel.local
                0x000000000024f480      0x3e0 build/f_finale.o
                0x000000000024f480                castorder
 .data          0x000000000024f860      0x14c build/g_game.o
                0x000000000024f860                cpars
                0x000000000024f8e0                pars
                0x000000000024f980                vanilla_demo_limit
                0x000000000024f984                vanilla_savegame_limit
                0x000000000024f988                angleturn
                0x000000000024f998                sidemove
                0x000000000024f9a0                forwardmove
                0x000000000024f9a8                precache
 *fill*         0x000000000024f9ac       0x14 
 .data.rel.local
                0x000000000024f9c0      0x4f0 build/hu_stuff.o
                0x000000000024f9c0                mapnames_commercial
                0x000000000024fcc0                mapnames
                0x000000000024fe40                player_names
                0x000000000024fe60                chat_macros
 *fill*         0x000000000024feb0       0x10 
 .data          0x000000000024fec0     0x313c build/info.o
                0x000000000024fec0                mobjinfo
 *fill*         0x0000000000252ffc        0x4 
 .data.rel      0x0000000000253000     0x9718 build/info.o
                0x0000000000253000                states
 *fill*         0x000000000025c718        0x8 
 .data.rel.local
                0x000000000025c720      0x458 build/info.o
                0x000000000025c720                sprnames
 *fill*         0x000000000025cb78        0x8 
 .data          0x000000000025cb80       0x34 build/i_joystick.o
 .data          0x000000000025cbb4       0x14 build/i_sound.o
                0x000000000025cbb4                snd_sfxdevice
                0x000000000025cbb8                snd_musicdevice
                0x000000000025cbbc                snd_maxslicetime_ms
                0x000000000025cbc0                snd_cachesize
                0x000000000025cbc4                snd_samplerate
 .data          0x000000000025cbc8        0x4 build/i_system.o
 *fill*         0x000000000025cbcc        0x4 
 .data.rel.local
                0x000000000025cbd0        0x8 build/i_system.o
 *fill*         0x000000000025cbd8        0x8 
 .data.rel.local
                0x000000000025cbe0     0x18a0 build/m_config.o
 .data          0x000000000025e480      0x19c build/m_controls.o
                0x000000000025e480                dclick_use
                0x000000000025e484                joybmenu
                0x000000000025e488                joybnextweapon
                0x000000000025e48c                joybprevweapon
                0x000000000025e490                joybjump
                0x000000000025e494                joybstraferight
                0x000000000025e498                joybstrafeleft
                0x000000000025e49c                joybspeed
                0x000000000025e4a0                joybuse
                0x000000000025e4a4                joybstrafe
                0x000000000025e4a8                key_menu_decscreen
                0x000000000025e4ac                key_menu_incscreen
                0x000000000025e4b0                key_menu_gamma
                0x000000000025e4b4                key_menu_quit
                0x000000000025e4b8                key_menu_qload
                0x000000000025e4bc                key_menu_messages
                0x000000000025e4c0                key_menu_endgame
                0x000000000025e4c4                key_menu_qsave
                0x000000000025e4c8                key_menu_detail
                0x000000000025e4cc                key_menu_volume
                0x000000000025e4d0                key_menu_load
                0x000000000025e4d4                key_menu_save
                0x000000000025e4d8                key_menu_help
                0x000000000025e4dc                key_menu_abort
                0x000000000025e4e0                key_menu_confirm